ARM Linker, 5.03 [Build 76] [MDK-ARM Lite]

==============================================================================

Section Cross References

    startup_stm32f429_439xx.o(STACK) refers (Special) to heapauxi.o(.text) for __use_two_region_memory
    startup_stm32f429_439xx.o(HEAP) refers (Special) to heapauxi.o(.text) for __use_two_region_memory
    startup_stm32f429_439xx.o(RESET) refers (Special) to heapauxi.o(.text) for __use_two_region_memory
    startup_stm32f429_439xx.o(RESET) refers to startup_stm32f429_439xx.o(STACK) for __initial_sp
    startup_stm32f429_439xx.o(RESET) refers to startup_stm32f429_439xx.o(.text) for Reset_Handler
    startup_stm32f429_439xx.o(RESET) refers to stm32f4xx_it.o(.text) for NMI_Handler
    startup_stm32f429_439xx.o(RESET) refers to stm32f429i_discovery_i2c_ee.o(.text) for DMA1_Stream2_IRQHandler
    startup_stm32f429_439xx.o(.text) refers (Special) to heapauxi.o(.text) for __use_two_region_memory
    startup_stm32f429_439xx.o(.text) refers to system_stm32f4xx.o(.text) for SystemInit
    startup_stm32f429_439xx.o(.text) refers to __main.o(!!!main) for __main
    startup_stm32f429_439xx.o(.text) refers to startup_stm32f429_439xx.o(HEAP) for Heap_Mem
    startup_stm32f429_439xx.o(.text) refers to startup_stm32f429_439xx.o(STACK) for Stack_Mem
    system_stm32f4xx.o(.text) refers to system_stm32f4xx.o(.data) for SystemCoreClock
    stm32f4xx_dma2d.o(.text) refers to stm32f4xx_rcc.o(.text) for RCC_AHB1PeriphResetCmd
    stm32f4xx_gpio.o(.text) refers to stm32f4xx_rcc.o(.text) for RCC_AHB1PeriphResetCmd
    stm32f4xx_i2c.o(.text) refers to stm32f4xx_rcc.o(.text) for RCC_APB1PeriphResetCmd
    stm32f4xx_ltdc.o(.text) refers to stm32f4xx_rcc.o(.text) for RCC_APB2PeriphResetCmd
    stm32f4xx_rcc.o(.text) refers to stm32f4xx_rcc.o(.data) for APBAHBPrescTable
    stm32f4xx_rng.o(.text) refers to stm32f4xx_rcc.o(.text) for RCC_AHB2PeriphResetCmd
    stm32f4xx_spi.o(.text) refers to stm32f4xx_rcc.o(.text) for RCC_APB2PeriphResetCmd
    stm32f4xx_syscfg.o(.text) refers to stm32f4xx_rcc.o(.text) for RCC_APB2PeriphResetCmd
    stm32f4xx_usart.o(.text) refers to stm32f4xx_rcc.o(.text) for RCC_APB2PeriphResetCmd
    stm32f4xx_adc.o(.text) refers to stm32f4xx_rcc.o(.text) for RCC_APB2PeriphResetCmd
    stm32f4xx_can.o(.text) refers to stm32f4xx_rcc.o(.text) for RCC_APB1PeriphResetCmd
    stm32f4xx_cryp.o(.text) refers to stm32f4xx_rcc.o(.text) for RCC_AHB2PeriphResetCmd
    stm32f4xx_cryp_aes.o(.text) refers to stm32f4xx_cryp.o(.text) for CRYP_KeyStructInit
    stm32f4xx_cryp_des.o(.text) refers to stm32f4xx_cryp.o(.text) for CRYP_KeyStructInit
    stm32f4xx_cryp_tdes.o(.text) refers to stm32f4xx_cryp.o(.text) for CRYP_KeyStructInit
    stm32f4xx_dac.o(.text) refers to stm32f4xx_rcc.o(.text) for RCC_APB1PeriphResetCmd
    stm32f4xx_hash.o(.text) refers to stm32f4xx_rcc.o(.text) for RCC_AHB2PeriphResetCmd
    stm32f4xx_hash_md5.o(.text) refers to stm32f4xx_hash.o(.text) for HASH_DeInit
    stm32f4xx_hash_sha1.o(.text) refers to stm32f4xx_hash.o(.text) for HASH_DeInit
    stm32f4xx_pwr.o(.text) refers to stm32f4xx_rcc.o(.text) for RCC_APB1PeriphResetCmd
    stm32f4xx_sai.o(.text) refers to stm32f4xx_rcc.o(.text) for RCC_APB2PeriphResetCmd
    stm32f4xx_sdio.o(.text) refers to stm32f4xx_rcc.o(.text) for RCC_APB2PeriphResetCmd
    stm32f4xx_tim.o(.text) refers to stm32f4xx_rcc.o(.text) for RCC_APB2PeriphResetCmd
    stm32f4xx_wwdg.o(.text) refers to stm32f4xx_rcc.o(.text) for RCC_APB1PeriphResetCmd
    stm32f429i_discovery.o(.text) refers to stm32f4xx_rcc.o(.text) for RCC_AHB1PeriphClockCmd
    stm32f429i_discovery.o(.text) refers to stm32f4xx_gpio.o(.text) for GPIO_Init
    stm32f429i_discovery.o(.text) refers to stm32f4xx_syscfg.o(.text) for SYSCFG_EXTILineConfig
    stm32f429i_discovery.o(.text) refers to stm32f4xx_exti.o(.text) for EXTI_Init
    stm32f429i_discovery.o(.text) refers to misc.o(.text) for NVIC_Init
    stm32f429i_discovery.o(.text) refers to stm32f4xx_i2c.o(.text) for I2C_Cmd
    stm32f429i_discovery.o(.text) refers to stm32f4xx_dma.o(.text) for DMA_Cmd
    stm32f429i_discovery.o(.text) refers to stm32f429i_discovery.o(.constdata) for GPIO_CLK
    stm32f429i_discovery.o(.text) refers to stm32f429i_discovery.o(.data) for GPIO_PORT
    stm32f429i_discovery.o(.text) refers to stm32f429i_discovery.o(.bss) for sEEDMA_InitStructure
    stm32f429i_discovery_i2c_ee.o(.text) refers to stm32f429i_discovery.o(.text) for sEE_LowLevel_DeInit
    stm32f429i_discovery_i2c_ee.o(.text) refers to stm32f4xx_i2c.o(.text) for I2C_Init
    stm32f429i_discovery_i2c_ee.o(.text) refers to stm32f4xx_dma.o(.text) for DMA_Cmd
    stm32f429i_discovery_i2c_ee.o(.text) refers to stm32f429i_discovery_i2c_ee.o(.data) for sEEAddress
    stm32f429i_discovery_ioe.o(.text) refers to stm32f4xx_rcc.o(.text) for RCC_APB1PeriphClockCmd
    stm32f429i_discovery_ioe.o(.text) refers to stm32f4xx_gpio.o(.text) for GPIO_PinAFConfig
[...]
    .text                                    0x080044fa   Section        0  heapauxi.o(.text)
    .text                                    0x08004500   Section        8  rt_errno_addr_intlibspace.o(.text)
    .text                                    0x08004508   Section        0  _rserrno.o(.text)
    .text                                    0x0800451e   Section        0  _printf_intcommon.o(.text)
    .text                                    0x080045d6   Section        0  _printf_fp_dec.o(.text)
    _fp_digits                               0x080045d9   Thumb Code   426  _printf_fp_dec.o(.text)
    .text                                    0x080049f8   Section        0  _printf_char_common.o(.text)
    _printf_input_char                       0x080049f9   Thumb Code    10  _printf_char_common.o(.text)
    .text                                    0x08004a28   Section        0  _sputc.o(.text)
    .text                                    0x08004a32   Section        0  strtol.o(.text)
    .text                                    0x08004aa2   Section      100  rt_memcpy_w.o(.text)
    .text                                    0x08004b08   Section        8  libspace.o(.text)
    .text                                    0x08004b10   Section       16  rt_ctype_table.o(.text)
    .text                                    0x08004b20   Section        8  rt_locale_intlibspace.o(.text)
    .text                                    0x08004b28   Section      138  lludiv10.o(.text)
    .text                                    0x08004bb4   Section        0  _printf_fp_infnan.o(.text)
    .text                                    0x08004c34   Section        0  _strtoul.o(.text)
    .text                                    0x08004cd4   Section        0  bigflt0.o(.text)
    .text                                    0x08004db8   Section       74  sys_stackheap_outer.o(.text)
    .text                                    0x08004e02   Section        0  _chval.o(.text)
    .text                                    0x08004e1e   Section        0  exit.o(.text)
    .text                                    0x08004e2c   Section      128  strcmpv7m.o(.text)
    .text                                    0x08004eac   Section        0  sys_exit.o(.text)
    .text                                    0x08004eb8   Section        2  use_no_semi.o(.text)
    .text                                    0x08004eba   Section        0  indicate_semi.o(.text)
    CL$$btod_d2e                             0x08004eba   Section       62  btod.o(CL$$btod_d2e)
    CL$$btod_d2e_denorm_low                  0x08004ef8   Section       70  btod.o(CL$$btod_d2e_denorm_low)
    CL$$btod_d2e_norm_op1                    0x08004f3e   Section       96  btod.o(CL$$btod_d2e_norm_op1)
    CL$$btod_div_common                      0x08004f9e   Section      824  btod.o(CL$$btod_div_common)
    CL$$btod_e2e                             0x080052d6   Section      198  btod.o(CL$$btod_e2e)
    CL$$btod_ediv                            0x0800539c   Section       40  btod.o(CL$$btod_ediv)
    CL$$btod_emul                            0x080053c4   Section       40  btod.o(CL$$btod_emul)
    CL$$btod_mult_common                     0x080053ec   Section      580  btod.o(CL$$btod_mult_common)
    i.__ARM_fpclassify                       0x08005630   Section        0  fpclassify.o(i.__ARM_fpclassify)
    i.__hardfp_sqrt                          0x08005660   Section        0  sqrt.o(i.__hardfp_sqrt)
    i._is_digit                              0x080056da   Section        0  __printf_wp.o(i._is_digit)
    locale$$code                             0x080056e8   Section       44  lc_numeric_c.o(locale$$code)
    locale$$code                             0x08005714   Section       44  lc_ctype_c.o(locale$$code)
    x$fpl$d2f                                0x08005740   Section       98  d2f.o(x$fpl$d2f)
    $v0                                      0x08005740   Number         0  d2f.o(x$fpl$d2f)
    x$fpl$dnaninf                            0x080057a2   Section      156  dnaninf.o(x$fpl$dnaninf)
    $v0                                      0x080057a2   Number         0  dnaninf.o(x$fpl$dnaninf)
    x$fpl$dretinf                            0x0800583e   Section       12  dretinf.o(x$fpl$dretinf)
    $v0                                      0x0800583e   Number         0  dretinf.o(x$fpl$dretinf)
    x$fpl$dsqrt                              0x0800584c   Section      408  dsqrt_umaal.o(x$fpl$dsqrt)
    $v0                                      0x0800584c   Number         0  dsqrt_umaal.o(x$fpl$dsqrt)
    x$fpl$f2d                                0x080059e4   Section       86  f2d.o(x$fpl$f2d)
    $v0                                      0x080059e4   Number         0  f2d.o(x$fpl$f2d)
    x$fpl$fnaninf                            0x08005a3a   Section      140  fnaninf.o(x$fpl$fnaninf)
    $v0                                      0x08005a3a   Number         0  fnaninf.o(x$fpl$fnaninf)
    x$fpl$fpinit                             0x08005ac6   Section       10  fpinit.o(x$fpl$fpinit)
    $v0                                      0x08005ac6   Number         0  fpinit.o(x$fpl$fpinit)
    x$fpl$fretinf                            0x08005ad0   Section       10  fretinf.o(x$fpl$fretinf)
    $v0                                      0x08005ad0   Number         0  fretinf.o(x$fpl$fretinf)
    x$fpl$printf1                            0x08005ada   Section        4  printf1.o(x$fpl$printf1)
    $v0                                      0x08005ada   Number         0  printf1.o(x$fpl$printf1)
    x$fpl$usenofp                            0x08005ade   Section        0  usenofp.o(x$fpl$usenofp)
    .constdata                               0x08005ae0   Section       25  stm32f429i_discovery.o(.constdata)
    .constdata                               0x08005af9   Section       17  __printf_flags_wp.o(.constdata)
    maptable                                 0x08005af9   Data          17  __printf_flags_wp.o(.constdata)
    .constdata                               0x08005b0c   Section      148  bigflt0.o(.constdata)
    tenpwrs_x                                0x08005b0c   Data          60  bigflt0.o(.constdata)
    tenpwrs_i                                0x08005b48   Data          64  bigflt0.o(.constdata)
    .conststring                             0x08005ba0   Section      923  main.o(.conststring)
    locale$$data                             0x08005f5c   Section       28  lc_numeric_c.o(locale$$data)
    __lcnum_c_name                           0x08005f60   Data           2  lc_numeric_c.o(locale$$data)
    __lcnum_c_start                          0x08005f68   Data           0  lc_numeric_c.o(locale$$data)
    __lcnum_c_point                          0x08005f74   Data           0  lc_numeric_c.o(locale$$data)
    __lcnum_c_thousands                      0x08005f76   Data           0  lc_numeric_c.o(locale$$data)
    __lcnum_c_grouping                       0x08005f77   Data           0  lc_numeric_c.o(locale$$data)
    locale$$data                             0x08005f78   Section      272  lc_ctype_c.o(locale$$data)
    __lcnum_c_end                            0x08005f78   Data           0  lc_numeric_c.o(locale$$data)
    __lcctype_c_name                         0x08005f7c   Data           2  lc_ctype_c.o(locale$$data)
    __lcctype_c_start                        0x08005f84   Data           0  lc_ctype_c.o(locale$$data)
    __lcctype_c_end                          0x08006088   Data           0  lc_ctype_c.o(locale$$data)
    .data                                    0x20000000   Section       20  system_stm32f4xx.o(.data)
    .data                                    0x20000014   Section       16  stm32f4xx_rcc.o(.data)
    APBAHBPrescTable                         0x20000014   Data          16  stm32f4xx_rcc.o(.data)
    .data                                    0x20000024   Section       16  stm32f429i_discovery.o(.data)
    .data                                    0x20000034   Section       17  stm32f429i_discovery_i2c_ee.o(.data)
    .data                                    0x20000048   Section       40  main.o(.data)
    .data                                    0x20000070   Section       23  stm32f4xx_it.o(.data)
    .bss                                     0x20000088   Section       60  stm32f429i_discovery.o(.bss)
    .bss                                     0x200000c4   Section      356  main.o(.bss)
    .bss                                     0x20000228   Section      512  stm32f4xx_it.o(.bss)
    .bss                                     0x20000428   Section       96  libspace.o(.bss)
    HEAP                                     0x20000488   Section      512  startup_stm32f429_439xx.o(HEAP)
    Heap_Mem                                 0x20000488   Data         512  startup_stm32f429_439xx.o(HEAP)
    STACK                                    0x20000688   Section     1024  startup_stm32f429_439xx.o(STACK)
    Stack_Mem                                0x20000688   Data        1024  startup_stm32f429_439xx.o(STACK)
    __initial_sp                             0x20000a88   Data           0  startup_stm32f429_439xx.o(STACK)

    Global Symbols

    Symbol Name                              Value     Ov Type        Size  Object(Section)

    BuildAttributes$$THM_ISAv4$E$P$D$K$B$S$7EM$VFPi3$EXTD16$VFPS$VFMA$PE$A:L22UL41UL21$X:L11$S22US41US21$IEEE1$IW$USESV6$~STKCKD$USESV7$~SHL$OTIME$ROPI$IEEEJ$EBA8$UX$STANDARDLIB$REQ8$PRES8$EABIv2 0x00000000   Number         0  anon$$obj.o ABSOLUTE
    __ARM_use_no_argv                        0x00000000   Number         0  main.o ABSOLUTE
    _printf_flags                            0x00000000   Number         0  printf_stubs.o ABSOLUTE
    _printf_return_value                     0x00000000   Number         0  printf_stubs.o ABSOLUTE
    _printf_sizespec                         0x00000000   Number         0  printf_stubs.o ABSOLUTE
    _printf_widthprec                        0x00000000   Number         0  printf_stubs.o ABSOLUTE
    __ARM_exceptions_init                     - Undefined Weak Reference
    __alloca_initialize                       - Undefined Weak Reference
    __cpp_initialize__aeabi_                  - Undefined Weak Reference
    __cxa_finalize                            - Undefined Weak Reference
    __sigvec_lookup                           - Undefined Weak Reference
    _atexit_init                              - Undefined Weak Reference
    _call_atexit_fns                          - Undefined Weak Reference
    _clock_init                               - Undefined Weak Reference
    _fp_trap_init                             - Undefined Weak Reference
    _fp_trap_shutdown                         - Undefined Weak Reference
    _get_lc_collate                           - Undefined Weak Reference
    _get_lc_monetary                          - Undefined Weak Reference
    _get_lc_time                              - Undefined Weak Reference
    _getenv_init                              - Undefined Weak Reference
    _handle_redirection                       - Undefined Weak Reference
    _init_alloc                               - Undefined Weak Reference
    _init_user_alloc                          - Undefined Weak Reference
    _initio                                   - Undefined Weak Reference
    _printf_post_padding                      - Undefined Weak Reference
    _printf_pre_padding                       - Undefined Weak Reference
    _printf_truncate_signed                   - Undefined Weak Reference
    _printf_truncate_unsigned                 - Undefined Weak Reference
    _rand_init                                - Undefined Weak Reference
    _signal_finish                            - Undefined Weak Reference
    _signal_init                              - Undefined Weak Reference
    _terminate_alloc                          - Undefined Weak Reference
    _terminate_user_alloc                     - Undefined Weak Reference
    _terminateio                              - Undefined Weak Reference
    __Vectors_Size                           0x000001ac   Number         0  startup_stm32f429_439xx.o ABSOLUTE
    __Vectors                                0x08000000   Data           4  startup_stm32f429_439xx.o(RESET)
    __Vectors_End                            0x080001ac   Data           0  startup_stm32f429_439xx.o(RESET)
    __main                                   0x080001ad   Thumb Code     8  __main.o(!!!main)
    __scatterload                            0x080001b5   Thumb Code     0  __scatter.o(!!!scatter)
    __scatterload_rt2                        0x080001b5   Thumb Code    44  __scatter.o(!!!scatter)
    __scatterload_rt2_thumb_only             0x080001b5   Thumb Code     0  __scatter.o(!!!scatter)
    __scatterload_null                       0x080001c3   Thumb Code     0  __scatter.o(!!!scatter)
    __scatterload_copy                       0x080001e9   Thumb Code    26  __scatter_copy.o(!!handler_copy)
    __scatterload_zeroinit                   0x08000205   Thumb Code    28  __scatter_zi.o(!!handler_zi)
    _printf_f                                0x08000221   Thumb Code     0  _printf_f.o(.ARM.Collect$$_printf_percent$$00000003)
    _printf_percent                          0x08000221   Thumb Code     0  _printf_percent.o(.ARM.Collect$$_printf_percent$$00000000)
    _printf_d                                0x08000227   Thumb Code     0  _printf_d.o(.ARM.Collect$$_printf_percent$$00000009)
    _printf_percent_end                      0x0800022d   Thumb Code     0  _printf_percent_end.o(.ARM.Collect$$_printf_percent$$00000017)
    __rt_lib_init                            0x08000231   Thumb Code     0  libinit.o(.ARM.Collect$$libinit$$00000000)
    __rt_lib_init_fp_1                       0x08000233   Thumb Code     0  libinit2.o(.ARM.Collect$$libinit$$00000001)
    __rt_lib_init_heap_1                     0x08000237   Thumb Code     0  libinit2.o(.ARM.Collect$$libinit$$00000008)
    __rt_lib_init_lc_common                  0x08000237   Thumb Code     0  libinit2.o(.ARM.Collect$$libinit$$0000000D)
    __rt_lib_init_rand_1                     0x08000237   Thumb Code     0  libinit2.o(.ARM.Collect$$libinit$$0000000C)
    __rt_lib_init_user_alloc_1               0x08000237   Thumb Code     0  libinit2.o(.ARM.Collect$$libinit$$0000000A)
    __rt_lib_init_lc_collate_1               0x0800023d   Thumb Code     0  libinit2.o(.ARM.Collect$$libinit$$0000000F)
    __rt_lib_init_lc_ctype_2                 0x0800023d   Thumb Code     0  libinit2.o(.ARM.Collect$$libinit$$00000010)
    __rt_lib_init_lc_ctype_1                 0x08000249   Thumb Code     0  libinit2.o(.ARM.Collect$$libinit$$00000011)
    __rt_lib_init_lc_monetary_1              0x08000249   Thumb Code     0  libinit2.o(.ARM.Collect$$libinit$$00000013)
    __rt_lib_init_lc_numeric_2               0x08000249   Thumb Code     0  libinit2.o(.ARM.Collect$$libinit$$00000014)
    __rt_lib_init_alloca_1                   0x08000253   Thumb Code     0  libinit2.o(.ARM.Collect$$libinit$$0000002C)
    __rt_lib_init_argv_1                     0x08000253   Thumb Code     0  libinit2.o(.ARM.Collect$$libinit$$0000002A)
    __rt_lib_init_atexit_1                   0x08000253   Thumb Code     0  libinit2.o(.ARM.Collect$$libinit$$00000019)
    __rt_lib_init_clock_1                    0x08000253   Thumb Code     0  libinit2.o(.ARM.Collect$$libinit$$0000001F)
    __rt_lib_init_cpp_1                      0x08000253   Thumb Code     0  libinit2.o(.ARM.Collect$$libinit$$00000030)
    __rt_lib_init_exceptions_1               0x08000253   Thumb Code     0  libinit2.o(.ARM.Collect$$libinit$$0000002E)
    __rt_lib_init_fp_trap_1                  0x08000253   Thumb Code     0  libinit2.o(.ARM.Collect$$libinit$$0000001D)
    __rt_lib_init_getenv_1                   0x08000253   Thumb Code     0  libinit2.o(.ARM.Collect$$libinit$$00000021)
    __rt_lib_init_lc_numeric_1               0x08000253   Thumb Code     0  libinit2.o(.ARM.Collect$$libinit$$00000015)
    __rt_lib_init_lc_time_1                  0x08000253   Thumb Code     0  libinit2.o(.ARM.Collect$$libinit$$00000017)
    __rt_lib_init_return                     0x08000253   Thumb Code     0  libinit2.o(.ARM.Collect$$libinit$$00000031)
    __rt_lib_init_signal_1                   0x08000253   Thumb Code     0  libinit2.o(.ARM.Collect$$libinit$$0000001B)
    __rt_lib_init_stdio_1                    0x08000253   Thumb Code     0  libinit2.o(.ARM.Collect$$libinit$$00000023)
    __rt_lib_shutdown                        0x08000255   Thumb Code     0  libshutdown.o(.ARM.Collect$$libshutdown$$00000000)
    __rt_lib_shutdown_fp_trap_1              0x08000257   Thumb Code     0  libshutdown2.o(.ARM.Collect$$libshutdown$$00000006)
    __rt_lib_shutdown_heap_1                 0x08000257   Thumb Code     0  libshutdown2.o(.ARM.Collect$$libshutdown$$0000000E)
    __rt_lib_shutdown_return                 0x08000257   Thumb Code     0  libshutdown2.o(.ARM.Collect$$libshutdown$$0000000F)
    __rt_lib_shutdown_signal_1               0x08000257   Thumb Code     0  libshutdown2.o(.ARM.Collect$$libshutdown$$00000009)
    __rt_lib_shutdown_stdio_1                0x08000257   Thumb Code     0  libshutdown2.o(.ARM.Collect$$libshutdown$$00000003)
    __rt_lib_shutdown_user_alloc_1           0x08000257   Thumb Code     0  libshutdown2.o(.ARM.Collect$$libshutdown$$0000000B)
    __rt_entry                               0x08000259   Thumb Code     0  rtentry.o(.ARM.Collect$$rtentry$$00000000)
    __rt_entry_presh_1                       0x08000259   Thumb Code     0  rtentry2.o(.ARM.Collect$$rtentry$$00000002)
    __rt_entry_sh                            0x08000259   Thumb Code     0  rtentry4.o(.ARM.Collect$$rtentry$$00000004)
    __rt_entry_li                            0x0800025f   Thumb Code     0  rtentry2.o(.ARM.Collect$$rtentry$$0000000A)
    __rt_entry_postsh_1                      0x0800025f   Thumb Code     0  rtentry2.o(.ARM.Collect$$rtentry$$00000009)
    __rt_entry_main                          0x08000263   Thumb Code     0  rtentry2.o(.ARM.Collect$$rtentry$$0000000D)
    __rt_entry_postli_1                      0x08000263   Thumb Code     0  rtentry2.o(.ARM.Collect$$rtentry$$0000000C)
    __rt_exit                                0x0800026b   Thumb Code     0  rtexit.o(.ARM.Collect$$rtexit$$00000000)
    __rt_exit_ls                             0x0800026d   Thumb Code     0  rtexit2.o(.ARM.Collect$$rtexit$$00000003)
    __rt_exit_prels_1                        0x0800026d   Thumb Code     0  rtexit2.o(.ARM.Collect$$rtexit$$00000002)
    __rt_exit_exit                           0x08000271   Thumb Code     0  rtexit2.o(.ARM.Collect$$rtexit$$00000004)
    Reset_Handler                            0x08000279   Thumb Code     8  startup_stm32f429_439xx.o(.text)
    ADC_IRQHandler                           0x08000293   Thumb Code     0  startup_stm32f429_439xx.o(.text)
    CAN1_RX0_IRQHandler                      0x08000293   Thumb Code     0  startup_stm32f429_439xx.o(.text)
    CAN1_RX1_IRQHandler                      0x08000293   Thumb Code     0  startup_stm32f429_439xx.o(.text)
    CAN1_SCE_IRQHandler                      0x08000293   Thumb Code     0  startup_stm32f429_439xx.o(.text)
    CAN1_TX_IRQHandler                       0x08000293   Thumb Code     0  startup_stm32f429_439xx.o(.text)
    CAN2_RX0_IRQHandler                      0x08000293   Thumb Code     0  startup_stm32f429_439xx.o(.text)
    CAN2_RX1_IRQHandler                      0x08000293   Thumb Code     0  startup_stm32f429_439xx.o(.text)
    CAN2_SCE_IRQHandler                      0x08000293   Thumb Code     0  startup_stm32f429_439xx.o(.text)
    CAN2_TX_IRQHandler                       0x08000293   Thumb Code     0  startup_stm32f429_439xx.o(.text)
    CRYP_IRQHandler                          0x08000293   Thumb Code     0  startup_stm32f429_439xx.o(.text)
    DCMI_IRQHandler                          0x08000293   Thumb Code     0  startup_stm32f429_439xx.o(.text)
    DMA1_Stream0_IRQHandler                  0x08000293   Thumb Code     0  startup_stm32f429_439xx.o(.text)
    DMA1_Stream1_IRQHandler                  0x08000293   Thumb Code     0  startup_stm32f429_439xx.o(.text)
    DMA1_Stream3_IRQHandler                  0x08000293   Thumb Code     0  startup_stm32f429_439xx.o(.text)
    DMA1_Stream5_IRQHandler                  0x08000293   Thumb Code     0  startup_stm32f429_439xx.o(.text)
    DMA1_Stream6_IRQHandler                  0x08000293   Thumb Code     0  startup_stm32f429_439xx.o(.text)
    DMA1_Stream7_IRQHandler                  0x08000293   Thumb Code     0  startup_stm32f429_439xx.o(.text)
    DMA2D_IRQHandler                         0x08000293   Thumb Code     0  startup_stm32f429_439xx.o(.text)
    DMA2_Stream0_IRQHandler                  0x08000293   Thumb Code     0  startup_stm32f429_439xx.o(.text)
    DMA2_Stream1_IRQHandler                  0x08000293   Thumb Code     0  startup_stm32f429_439xx.o(.text)
    DMA2_Stream2_IRQHandler                  0x08000293   Thumb Code     0  startup_stm32f429_439xx.o(.text)
    DMA2_Stream3_IRQHandler                  0x08000293   Thumb Code     0  startup_stm32f429_439xx.o(.text)
    DMA2_Stream4_IRQHandler                  0x08000293   Thumb Code     0  startup_stm32f429_439xx.o(.text)
    DMA2_Stream5_IRQHandler                  0x08000293   Thumb Code     0  startup_stm32f429_439xx.o(.text)
    DMA2_Stream6_IRQHandler                  0x08000293   Thumb Code     0  startup_stm32f429_439xx.o(.text)
    DMA2_Stream7_IRQHandler                  0x08000293   Thumb Code     0  startup_stm32f429_439xx.o(.text)
    ETH_IRQHandler                           0x08000293   Thumb Code     0  startup_stm32f429_439xx.o(.text)
    ETH_WKUP_IRQHandler                      0x08000293   Thumb Code     0  startup_stm32f429_439xx.o(.text)
    EXTI0_IRQHandler                         0x08000293   Thumb Code     0  startup_stm32f429_439xx.o(.text)
    EXTI15_10_IRQHandler                     0x08000293   Thumb Code     0  startup_stm32f429_439xx.o(.text)
    EXTI1_IRQHandler                         0x08000293   Thumb Code     0  startup_stm32f429_439xx.o(.text)
    EXTI2_IRQHandler                         0x08000293   Thumb Code     0  startup_stm32f429_439xx.o(.text)
    EXTI3_IRQHandler                         0x08000293   Thumb Code     0  startup_stm32f429_439xx.o(.text)
    EXTI4_IRQHandler                         0x08000293   Thumb Code     0  startup_stm32f429_439xx.o(.text)
    EXTI9_5_IRQHandler                       0x08000293   Thumb Code     0  startup_stm32f429_439xx.o(.text)
    FLASH_IRQHandler                         0x08000293   Thumb Code     0  startup_stm32f429_439xx.o(.text)
    FMC_IRQHandler                           0x08000293   Thumb Code     0  startup_stm32f429_439xx.o(.text)
    FPU_IRQHandler                           0x08000293   Thumb Code     0  startup_stm32f429_439xx.o(.text)
    HASH_RNG_IRQHandler                      0x08000293   Thumb Code     0  startup_stm32f429_439xx.o(.text)
    I2C1_ER_IRQHandler                       0x08000293   Thumb Code     0  startup_stm32f429_439xx.o(.text)
    I2C1_EV_IRQHandler                       0x08000293   Thumb Code     0  startup_stm32f429_439xx.o(.text)
    I2C2_ER_IRQHandler                       0x08000293   Thumb Code     0  startup_stm32f429_439xx.o(.text)
    I2C2_EV_IRQHandler                       0x08000293   Thumb Code     0  startup_stm32f429_439xx.o(.text)
    I2C3_ER_IRQHandler                       0x08000293   Thumb Code     0  startup_stm32f429_439xx.o(.text)
    I2C3_EV_IRQHandler                       0x08000293   Thumb Code     0  startup_stm32f429_439xx.o(.text)
    LTDC_ER_IRQHandler                       0x08000293   Thumb Code     0  startup_stm32f429_439xx.o(.text)
    LTDC_IRQHandler                          0x08000293   Thumb Code     0  startup_stm32f429_439xx.o(.text)
    OTG_FS_IRQHandler                        0x08000293   Thumb Code     0  startup_stm32f429_439xx.o(.text)
    OTG_FS_WKUP_IRQHandler                   0x08000293   Thumb Code     0  startup_stm32f429_439xx.o(.text)
    OTG_HS_EP1_IN_IRQHandler                 0x08000293   Thumb Code     0  startup_stm32f429_439xx.o(.text)
    OTG_HS_EP1_OUT_IRQHandler                0x08000293   Thumb Code     0  startup_stm32f429_439xx.o(.text)
    OTG_HS_IRQHandler                        0x08000293   Thumb Code     0  startup_stm32f429_439xx.o(.text)
    OTG_HS_WKUP_IRQHandler                   0x08000293   Thumb Code     0  startup_stm32f429_439xx.o(.text)
    PVD_IRQHandler                           0x08000293   Thumb Code     0  startup_stm32f429_439xx.o(.text)
    RCC_IRQHandler                           0x08000293   Thumb Code     0  startup_stm32f429_439xx.o(.text)
    RTC_Alarm_IRQHandler                     0x08000293   Thumb Code     0  startup_stm32f429_439xx.o(.text)
    RTC_WKUP_IRQHandler                      0x08000293   Thumb Code     0  startup_stm32f429_439xx.o(.text)
    SAI1_IRQHandler                          0x08000293   Thumb Code     0  startup_stm32f429_439xx.o(.text)
    SDIO_IRQHandler                          0x08000293   Thumb Code     0  startup_stm32f429_439xx.o(.text)
    SPI1_IRQHandler                          0x08000293   Thumb Code     0  startup_stm32f429_439xx.o(.text)
    SPI2_IRQHandler                          0x08000293   Thumb Code     0  startup_stm32f429_439xx.o(.text)
    SPI3_IRQHandler                          0x08000293   Thumb Code     0  startup_stm32f429_439xx.o(.text)
    SPI4_IRQHandler                          0x08000293   Thumb Code     0  startup_stm32f429_439xx.o(.text)
    SPI5_IRQHandler                          0x08000293   Thumb Code     0  startup_stm32f429_439xx.o(.text)
    SPI6_IRQHandler                          0x08000293   Thumb Code     0  startup_stm32f429_439xx.o(.text)
    TAMP_STAMP_IRQHandler                    0x08000293   Thumb Code     0  startup_stm32f429_439xx.o(.text)
    TIM1_BRK_TIM9_IRQHandler                 0x08000293   Thumb Code     0  startup_stm32f429_439xx.o(.text)
    TIM1_CC_IRQHandler                       0x08000293   Thumb Code     0  startup_stm32f429_439xx.o(.text)
    TIM1_TRG_COM_TIM11_IRQHandler            0x08000293   Thumb Code     0  startup_stm32f429_439xx.o(.text)
    TIM1_UP_TIM10_IRQHandler                 0x08000293   Thumb Code     0  startup_stm32f429_439xx.o(.text)
    TIM2_IRQHandler                          0x08000293   Thumb Code     0  startup_stm32f429_439xx.o(.text)
    TIM3_IRQHandler                          0x08000293   Thumb Code     0  startup_stm32f429_439xx.o(.text)
    TIM5_IRQHandler                          0x08000293   Thumb Code     0  startup_stm32f429_439xx.o(.text)
    TIM6_DAC_IRQHandler                      0x08000293   Thumb Code     0  startup_stm32f429_439xx.o(.text)
    TIM7_IRQHandler                          0x08000293   Thumb Code     0  startup_stm32f429_439xx.o(.text)
    TIM8_BRK_TIM12_IRQHandler                0x08000293   Thumb Code     0  startup_stm32f429_439xx.o(.text)
    TIM8_CC_IRQHandler                       0x08000293   Thumb Code     0  startup_stm32f429_439xx.o(.text)
    TIM8_TRG_COM_TIM14_IRQHandler            0x08000293   Thumb Code     0  startup_stm32f429_439xx.o(.text)
    TIM8_UP_TIM13_IRQHandler                 0x08000293   Thumb Code     0  startup_stm32f429_439xx.o(.text)
    UART4_IRQHandler                         0x08000293   Thumb Code     0  startup_stm32f429_439xx.o(.text)
    UART5_IRQHandler                         0x08000293   Thumb Code     0  startup_stm32f429_439xx.o(.text)
    UART7_IRQHandler                         0x08000293   Thumb Code     0  startup_stm32f429_439xx.o(.text)
    UART8_IRQHandler                         0x08000293   Thumb Code     0  startup_stm32f429_439xx.o(.text)
    USART1_IRQHandler                        0x08000293   Thumb Code     0  startup_stm32f429_439xx.o(.text)
    USART2_IRQHandler                        0x08000293   Thumb Code     0  startup_stm32f429_439xx.o(.text)
    USART6_IRQHandler                        0x08000293   Thumb Code     0  startup_stm32f429_439xx.o(.text)
    WWDG_IRQHandler                          0x08000293   Thumb Code     0  startup_stm32f429_439xx.o(.text)
    __user_initial_stackheap                 0x08000295   Thumb Code     0  startup_stm32f429_439xx.o(.text)
    SystemInit                               0x080003c3   Thumb Code    88  system_stm32f4xx.o(.text)
    SystemCoreClockUpdate                    0x0800041b   Thumb Code   174  system_stm32f4xx.o(.text)
    NVIC_PriorityGroupConfig                 0x080004f5   Thumb Code    10  misc.o(.text)
    NVIC_Init                                0x080004ff   Thumb Code   108  misc.o(.text)
    NVIC_SetVectorTable                      0x0800056b   Thumb Code    14  misc.o(.text)
    NVIC_SystemLPConfig                      0x08000579   Thumb Code    34  misc.o(.text)
    SysTick_CLKSourceConfig                  0x0800059b   Thumb Code    40  misc.o(.text)
    DMA_DeInit                               0x080005d9   Thumb Code   324  stm32f4xx_dma.o(.text)
    DMA_Init                                 0x0800071d   Thumb Code    82  stm32f4xx_dma.o(.text)
    DMA_StructInit                           0x0800076f   Thumb Code    34  stm32f4xx_dma.o(.text)
    DMA_Cmd                                  0x08000791   Thumb Code    22  stm32f4xx_dma.o(.text)
    DMA_PeriphIncOffsetSizeConfig            0x080007a7   Thumb Code    22  stm32f4xx_dma.o(.text)
    DMA_FlowControllerConfig                 0x080007bd   Thumb Code    22  stm32f4xx_dma.o(.text)
    DMA_SetCurrDataCounter                   0x080007d3   Thumb Code     4  stm32f4xx_dma.o(.text)
    DMA_GetCurrDataCounter                   0x080007d7   Thumb Code     8  stm32f4xx_dma.o(.text)
    DMA_DoubleBufferModeConfig               0x080007df   Thumb Code    24  stm32f4xx_dma.o(.text)
    DMA_DoubleBufferModeCmd                  0x080007f7   Thumb Code    22  stm32f4xx_dma.o(.text)
    DMA_MemoryTargetConfig                   0x0800080d   Thumb Code    10  stm32f4xx_dma.o(.text)
    DMA_GetCurrentMemoryTarget               0x08000817   Thumb Code    20  stm32f4xx_dma.o(.text)
    DMA_GetCmdStatus                         0x0800082b   Thumb Code    20  stm32f4xx_dma.o(.text)
    DMA_GetFIFOStatus                        0x0800083f   Thumb Code    12  stm32f4xx_dma.o(.text)
    DMA_GetFlagStatus                        0x0800084b   Thumb Code    54  stm32f4xx_dma.o(.text)
    DMA_ClearFlag                            0x08000881   Thumb Code    40  stm32f4xx_dma.o(.text)
    DMA_ITConfig                             0x080008a9   Thumb Code    58  stm32f4xx_dma.o(.text)
    DMA_GetITStatus                          0x080008e3   Thumb Code    82  stm32f4xx_dma.o(.text)
    DMA_ClearITPendingBit                    0x08000935   Thumb Code    40  stm32f4xx_dma.o(.text)
    EXTI_DeInit                              0x0800097d   Thumb Code    28  stm32f4xx_exti.o(.text)
    EXTI_Init                                0x08000999   Thumb Code   142  stm32f4xx_exti.o(.text)
    EXTI_StructInit                          0x08000a27   Thumb Code    16  stm32f4xx_exti.o(.text)
    EXTI_GenerateSWInterrupt                 0x08000a37   Thumb Code    16  stm32f4xx_exti.o(.text)
    EXTI_GetFlagStatus                       0x08000a47   Thumb Code    22  stm32f4xx_exti.o(.text)
    EXTI_ClearFlag                           0x08000a5d   Thumb Code     8  stm32f4xx_exti.o(.text)
    EXTI_GetITStatus                         0x08000a65   Thumb Code    22  stm32f4xx_exti.o(.text)
    EXTI_ClearITPendingBit                   0x08000a7b   Thumb Code     8  stm32f4xx_exti.o(.text)
    GPIO_DeInit                              0x08000a8d   Thumb Code   268  stm32f4xx_gpio.o(.text)
    GPIO_Init                                0x08000b99   Thumb Code   144  stm32f4xx_gpio.o(.text)
    GPIO_StructInit                          0x08000c29   Thumb Code    18  stm32f4xx_gpio.o(.text)
    GPIO_PinLockConfig                       0x08000c3b   Thumb Code    34  stm32f4xx_gpio.o(.text)
    GPIO_ReadInputDataBit                    0x08000c5d   Thumb Code    18  stm32f4xx_gpio.o(.text)
    GPIO_ReadInputData                       0x08000c6f   Thumb Code     8  stm32f4xx_gpio.o(.text)
    GPIO_ReadOutputDataBit                   0x08000c77   Thumb Code    18  stm32f4xx_gpio.o(.text)
    GPIO_ReadOutputData                      0x08000c89   Thumb Code     8  stm32f4xx_gpio.o(.text)
    GPIO_SetBits                             0x08000c91   Thumb Code     4  stm32f4xx_gpio.o(.text)
    GPIO_ResetBits                           0x08000c95   Thumb Code     4  stm32f4xx_gpio.o(.text)
    GPIO_WriteBit                            0x08000c99   Thumb Code    10  stm32f4xx_gpio.o(.text)
    GPIO_Write                               0x08000ca3   Thumb Code     4  stm32f4xx_gpio.o(.text)
    GPIO_ToggleBits                          0x08000ca7   Thumb Code     8  stm32f4xx_gpio.o(.text)
    GPIO_PinAFConfig                         0x08000caf   Thumb Code    70  stm32f4xx_gpio.o(.text)
    I2C_DeInit                               0x08000d21   Thumb Code    82  stm32f4xx_i2c.o(.text)
    I2C_Init                                 0x08000d73   Thumb Code   218  stm32f4xx_i2c.o(.text)
    I2C_StructInit                           0x08000e4d   Thumb Code    30  stm32f4xx_i2c.o(.text)
    I2C_Cmd                                  0x08000e6b   Thumb Code    24  stm32f4xx_i2c.o(.text)
    I2C_AnalogFilterCmd                      0x08000e83   Thumb Code    24  stm32f4xx_i2c.o(.text)
    I2C_DigitalFilterConfig                  0x08000e9b   Thumb Code    22  stm32f4xx_i2c.o(.text)
    I2C_GenerateSTART                        0x08000eb1   Thumb Code    24  stm32f4xx_i2c.o(.text)
    I2C_GenerateSTOP                         0x08000ec9   Thumb Code    24  stm32f4xx_i2c.o(.text)
    I2C_Send7bitAddress                      0x08000ee1   Thumb Code    16  stm32f4xx_i2c.o(.text)
    I2C_AcknowledgeConfig                    0x08000ef1   Thumb Code    24  stm32f4xx_i2c.o(.text)
    I2C_OwnAddress2Config                    0x08000f09   Thumb Code    22  stm32f4xx_i2c.o(.text)
    I2C_DualAddressCmd                       0x08000f1f   Thumb Code    24  stm32f4xx_i2c.o(.text)
    I2C_GeneralCallCmd                       0x08000f37   Thumb Code    24  stm32f4xx_i2c.o(.text)
    I2C_SoftwareResetCmd                     0x08000f4f   Thumb Code    22  stm32f4xx_i2c.o(.text)
    I2C_StretchClockCmd                      0x08000f65   Thumb Code    24  stm32f4xx_i2c.o(.text)
    I2C_FastModeDutyCycleConfig              0x08000f7d   Thumb Code    28  stm32f4xx_i2c.o(.text)
    I2C_NACKPositionConfig                   0x08000f99   Thumb Code    28  stm32f4xx_i2c.o(.text)
    I2C_SMBusAlertConfig                     0x08000fb5   Thumb Code    28  stm32f4xx_i2c.o(.text)
    I2C_ARPCmd                               0x08000fd1   Thumb Code    24  stm32f4xx_i2c.o(.text)
    I2C_SendData                             0x08000fe9   Thumb Code     4  stm32f4xx_i2c.o(.text)
    I2C_ReceiveData                          0x08000fed   Thumb Code     8  stm32f4xx_i2c.o(.text)
    I2C_TransmitPEC                          0x08000ff5   Thumb Code    24  stm32f4xx_i2c.o(.text)
    I2C_PECPositionConfig                    0x0800100d   Thumb Code    28  stm32f4xx_i2c.o(.text)
    I2C_CalculatePEC                         0x08001029   Thumb Code    24  stm32f4xx_i2c.o(.text)
    I2C_GetPEC                               0x08001041   Thumb Code     8  stm32f4xx_i2c.o(.text)
    I2C_DMACmd                               0x08001049   Thumb Code    24  stm32f4xx_i2c.o(.text)
    I2C_DMALastTransferCmd                   0x08001061   Thumb Code    24  stm32f4xx_i2c.o(.text)
    I2C_ReadRegister                         0x08001079   Thumb Code    22  stm32f4xx_i2c.o(.text)
    I2C_ITConfig                             0x0800108f   Thumb Code    18  stm32f4xx_i2c.o(.text)
    I2C_CheckEvent                           0x080010a1   Thumb Code    42  stm32f4xx_i2c.o(.text)
    I2C_GetLastEvent                         0x080010cb   Thumb Code    26  stm32f4xx_i2c.o(.text)
    I2C_GetFlagStatus                        0x080010e5   Thumb Code    84  stm32f4xx_i2c.o(.text)
    I2C_ClearFlag                            0x08001139   Thumb Code    12  stm32f4xx_i2c.o(.text)
    I2C_GetITStatus                          0x08001145   Thumb Code    38  stm32f4xx_i2c.o(.text)
    I2C_ClearITPendingBit                    0x0800116b   Thumb Code    12  stm32f4xx_i2c.o(.text)
    RCC_DeInit                               0x08001179   Thumb Code    82  stm32f4xx_rcc.o(.text)
    RCC_HSEConfig                            0x080011cb   Thumb Code    14  stm32f4xx_rcc.o(.text)
    RCC_GetFlagStatus                        0x080011d9   Thumb Code    60  stm32f4xx_rcc.o(.text)
    RCC_WaitForHSEStartUp                    0x08001215   Thumb Code    56  stm32f4xx_rcc.o(.text)
    RCC_AdjustHSICalibrationValue            0x0800124d   Thumb Code    20  stm32f4xx_rcc.o(.text)
    RCC_HSICmd                               0x08001261   Thumb Code     6  stm32f4xx_rcc.o(.text)
    RCC_LSEConfig                            0x08001267   Thumb Code    46  stm32f4xx_rcc.o(.text)
    RCC_LSICmd                               0x08001295   Thumb Code     6  stm32f4xx_rcc.o(.text)
    RCC_PLLConfig                            0x0800129b   Thumb Code    32  stm32f4xx_rcc.o(.text)
    RCC_PLLCmd                               0x080012bb   Thumb Code     6  stm32f4xx_rcc.o(.text)
    RCC_PLLI2SConfig                         0x080012c1   Thumb Code    20  stm32f4xx_rcc.o(.text)
    RCC_PLLI2SCmd                            0x080012d5   Thumb Code     6  stm32f4xx_rcc.o(.text)
    RCC_PLLSAIConfig                         0x080012db   Thumb Code    20  stm32f4xx_rcc.o(.text)
    RCC_PLLSAICmd                            0x080012ef   Thumb Code     6  stm32f4xx_rcc.o(.text)
    RCC_ClockSecuritySystemCmd               0x080012f5   Thumb Code     6  stm32f4xx_rcc.o(.text)
    RCC_MCO1Config                           0x080012fb   Thumb Code    28  stm32f4xx_rcc.o(.text)
    RCC_MCO2Config                           0x08001317   Thumb Code    28  stm32f4xx_rcc.o(.text)
    RCC_SYSCLKConfig                         0x08001333   Thumb Code    20  stm32f4xx_rcc.o(.text)
    RCC_GetSYSCLKSource                      0x08001347   Thumb Code    12  stm32f4xx_rcc.o(.text)
    RCC_HCLKConfig                           0x08001353   Thumb Code    20  stm32f4xx_rcc.o(.text)
    RCC_PCLK1Config                          0x08001367   Thumb Code    20  stm32f4xx_rcc.o(.text)
    RCC_PCLK2Config                          0x0800137b   Thumb Code    22  stm32f4xx_rcc.o(.text)
    RCC_GetClocksFreq                        0x08001391   Thumb Code   222  stm32f4xx_rcc.o(.text)
    RCC_RTCCLKConfig                         0x0800146f   Thumb Code    54  stm32f4xx_rcc.o(.text)
    RCC_RTCCLKCmd                            0x080014a5   Thumb Code     8  stm32f4xx_rcc.o(.text)
    RCC_BackupResetCmd                       0x080014ad   Thumb Code     8  stm32f4xx_rcc.o(.text)
    RCC_I2SCLKConfig                         0x080014b5   Thumb Code     6  stm32f4xx_rcc.o(.text)
    RCC_SAIPLLI2SClkDivConfig                0x080014bb   Thumb Code    26  stm32f4xx_rcc.o(.text)
    RCC_SAIPLLSAIClkDivConfig                0x080014d5   Thumb Code    28  stm32f4xx_rcc.o(.text)
    RCC_SAIBlockACLKConfig                   0x080014f1   Thumb Code    20  stm32f4xx_rcc.o(.text)
    RCC_SAIBlockBCLKConfig                   0x08001505   Thumb Code    20  stm32f4xx_rcc.o(.text)
    RCC_LTDCCLKDivConfig                     0x08001519   Thumb Code    20  stm32f4xx_rcc.o(.text)
    RCC_TIMCLKPresConfig                     0x0800152d   Thumb Code     6  stm32f4xx_rcc.o(.text)
    RCC_AHB1PeriphClockCmd                   0x08001533   Thumb Code    82  stm32f4xx_rcc.o(.text)
    RCC_AHB2PeriphClockCmd                   0x08001585   Thumb Code    26  stm32f4xx_rcc.o(.text)
    RCC_AHB3PeriphClockCmd                   0x0800159f   Thumb Code    34  stm32f4xx_rcc.o(.text)
    RCC_APB1PeriphClockCmd                   0x080015c1   Thumb Code    34  stm32f4xx_rcc.o(.text)
    RCC_APB2PeriphClockCmd                   0x080015e3   Thumb Code    34  stm32f4xx_rcc.o(.text)
    RCC_AHB1PeriphResetCmd                   0x08001605   Thumb Code    34  stm32f4xx_rcc.o(.text)
    RCC_AHB2PeriphResetCmd                   0x08001627   Thumb Code    34  stm32f4xx_rcc.o(.text)
    RCC_AHB3PeriphResetCmd                   0x08001649   Thumb Code    34  stm32f4xx_rcc.o(.text)
    RCC_APB1PeriphResetCmd                   0x0800166b   Thumb Code    34  stm32f4xx_rcc.o(.text)
    RCC_APB2PeriphResetCmd                   0x0800168d   Thumb Code    34  stm32f4xx_rcc.o(.text)
    RCC_AHB1PeriphClockLPModeCmd             0x080016af   Thumb Code    34  stm32f4xx_rcc.o(.text)
    RCC_AHB2PeriphClockLPModeCmd             0x080016d1   Thumb Code    34  stm32f4xx_rcc.o(.text)
    RCC_AHB3PeriphClockLPModeCmd             0x080016f3   Thumb Code    34  stm32f4xx_rcc.o(.text)
    RCC_APB1PeriphClockLPModeCmd             0x08001715   Thumb Code    34  stm32f4xx_rcc.o(.text)
    RCC_APB2PeriphClockLPModeCmd             0x08001737   Thumb Code    34  stm32f4xx_rcc.o(.text)
    RCC_ITConfig                             0x08001759   Thumb Code    34  stm32f4xx_rcc.o(.text)
    RCC_ClearFlag                            0x0800177b   Thumb Code    18  stm32f4xx_rcc.o(.text)
    RCC_GetITStatus                          0x0800178d   Thumb Code    22  stm32f4xx_rcc.o(.text)
    RCC_ClearITPendingBit                    0x080017a3   Thumb Code     8  stm32f4xx_rcc.o(.text)
    SYSCFG_DeInit                            0x080017b1   Thumb Code    22  stm32f4xx_syscfg.o(.text)
    SYSCFG_MemoryRemapConfig                 0x080017c7   Thumb Code     6  stm32f4xx_syscfg.o(.text)
    SYSCFG_MemorySwappingBank                0x080017cd   Thumb Code     6  stm32f4xx_syscfg.o(.text)
    SYSCFG_EXTILineConfig                    0x080017d3   Thumb Code    66  stm32f4xx_syscfg.o(.text)
    SYSCFG_ETH_MediaInterfaceConfig          0x08001815   Thumb Code     6  stm32f4xx_syscfg.o(.text)
    SYSCFG_CompensationCellCmd               0x0800181b   Thumb Code     6  stm32f4xx_syscfg.o(.text)
    SYSCFG_GetCompensationCellStatus         0x08001821   Thumb Code    22  stm32f4xx_syscfg.o(.text)
    USART_DeInit                             0x08001849   Thumb Code   206  stm32f4xx_usart.o(.text)
    USART_Init                               0x08001917   Thumb Code   204  stm32f4xx_usart.o(.text)
    USART_StructInit                         0x080019e3   Thumb Code    24  stm32f4xx_usart.o(.text)
    USART_ClockInit                          0x080019fb   Thumb Code    32  stm32f4xx_usart.o(.text)
    USART_ClockStructInit                    0x08001a1b   Thumb Code    12  stm32f4xx_usart.o(.text)
    USART_Cmd                                0x08001a27   Thumb Code    24  stm32f4xx_usart.o(.text)
    USART_SetPrescaler                       0x08001a3f   Thumb Code    16  stm32f4xx_usart.o(.text)
    USART_OverSampling8Cmd                   0x08001a4f   Thumb Code    22  stm32f4xx_usart.o(.text)
    USART_OneBitMethodCmd                    0x08001a65   Thumb Code    24  stm32f4xx_usart.o(.text)
    USART_SendData                           0x08001a7d   Thumb Code     8  stm32f4xx_usart.o(.text)
    USART_ReceiveData                        0x08001a85   Thumb Code    10  stm32f4xx_usart.o(.text)
    USART_SetAddress                         0x08001a8f   Thumb Code    18  stm32f4xx_usart.o(.text)
    USART_ReceiverWakeUpCmd                  0x08001aa1   Thumb Code    24  stm32f4xx_usart.o(.text)
    USART_WakeUpConfig                       0x08001ab9   Thumb Code    18  stm32f4xx_usart.o(.text)
    USART_LINBreakDetectLengthConfig         0x08001acb   Thumb Code    18  stm32f4xx_usart.o(.text)
    USART_LINCmd                             0x08001add   Thumb Code    24  stm32f4xx_usart.o(.text)
    USART_SendBreak                          0x08001af5   Thumb Code    10  stm32f4xx_usart.o(.text)
    USART_HalfDuplexCmd                      0x08001aff   Thumb Code    24  stm32f4xx_usart.o(.text)
    USART_SetGuardTime                       0x08001b17   Thumb Code    16  stm32f4xx_usart.o(.text)
    USART_SmartCardCmd                       0x08001b27   Thumb Code    24  stm32f4xx_usart.o(.text)
    USART_SmartCardNACKCmd                   0x08001b3f   Thumb Code    24  stm32f4xx_usart.o(.text)
    USART_IrDAConfig                         0x08001b57   Thumb Code    18  stm32f4xx_usart.o(.text)
    USART_IrDACmd                            0x08001b69   Thumb Code    24  stm32f4xx_usart.o(.text)
    USART_DMACmd                             0x08001b81   Thumb Code    18  stm32f4xx_usart.o(.text)
    USART_ITConfig                           0x08001b93   Thumb Code    74  stm32f4xx_usart.o(.text)
    USART_GetFlagStatus                      0x08001bdd   Thumb Code    26  stm32f4xx_usart.o(.text)
    USART_ClearFlag                          0x08001bf7   Thumb Code    18  stm32f4xx_usart.o(.text)
    USART_GetITStatus                        0x08001c09   Thumb Code   118  stm32f4xx_usart.o(.text)
    USART_ClearITPendingBit                  0x08001c7f   Thumb Code    30  stm32f4xx_usart.o(.text)
    TIM_DeInit                               0x08001c9d   Thumb Code   346  stm32f4xx_tim.o(.text)
    TIM_TimeBaseInit                         0x08001df7   Thumb Code   104  stm32f4xx_tim.o(.text)
    TIM_TimeBaseStructInit                   0x08001e5f   Thumb Code    18  stm32f4xx_tim.o(.text)
    TIM_PrescalerConfig                      0x08001e71   Thumb Code     6  stm32f4xx_tim.o(.text)
    TIM_CounterModeConfig                    0x08001e77   Thumb Code    18  stm32f4xx_tim.o(.text)
    TIM_SetCounter                           0x08001e89   Thumb Code     4  stm32f4xx_tim.o(.text)
    TIM_SetAutoreload                        0x08001e8d   Thumb Code     4  stm32f4xx_tim.o(.text)
    TIM_GetCounter                           0x08001e91   Thumb Code     6  stm32f4xx_tim.o(.text)
    TIM_GetPrescaler                         0x08001e97   Thumb Code     6  stm32f4xx_tim.o(.text)
    TIM_UpdateDisableConfig                  0x08001e9d   Thumb Code    24  stm32f4xx_tim.o(.text)
    TIM_UpdateRequestConfig                  0x08001eb5   Thumb Code    24  stm32f4xx_tim.o(.text)
    TIM_ARRPreloadConfig                     0x08001ecd   Thumb Code    24  stm32f4xx_tim.o(.text)
    TIM_SelectOnePulseMode                   0x08001ee5   Thumb Code    18  stm32f4xx_tim.o(.text)
    TIM_SetClockDivision                     0x08001ef7   Thumb Code    18  stm32f4xx_tim.o(.text)
    TIM_Cmd                                  0x08001f09   Thumb Code    24  stm32f4xx_tim.o(.text)
    TIM_OC1Init                              0x08001f21   Thumb Code   114  stm32f4xx_tim.o(.text)
    TIM_OC2Init                              0x08001f93   Thumb Code   154  stm32f4xx_tim.o(.text)
    TIM_OC3Init                              0x0800202d   Thumb Code   204  stm32f4xx_tim.o(.text)
    TIM_OC4Init                              0x080020f9   Thumb Code   112  stm32f4xx_tim.o(.text)
    TIM_OCStructInit                         0x08002169   Thumb Code    20  stm32f4xx_tim.o(.text)
    TIM_SelectOCxM                           0x0800217d   Thumb Code    86  stm32f4xx_tim.o(.text)
    TIM_SetCompare1                          0x080021d3   Thumb Code     4  stm32f4xx_tim.o(.text)
    TIM_SetCompare2                          0x080021d7   Thumb Code     4  stm32f4xx_tim.o(.text)
    TIM_SetCompare3                          0x080021db   Thumb Code     4  stm32f4xx_tim.o(.text)
    TIM_SetCompare4                          0x080021df   Thumb Code     4  stm32f4xx_tim.o(.text)
    TIM_ForcedOC1Config                      0x080021e3   Thumb Code    18  stm32f4xx_tim.o(.text)
    TIM_ForcedOC2Config                      0x080021f5   Thumb Code    26  stm32f4xx_tim.o(.text)
    TIM_ForcedOC3Config                      0x0800220f   Thumb Code    18  stm32f4xx_tim.o(.text)
    TIM_ForcedOC4Config                      0x08002221   Thumb Code    26  stm32f4xx_tim.o(.text)
    TIM_OC1PreloadConfig                     0x0800223b   Thumb Code    18  stm32f4xx_tim.o(.text)
    TIM_OC2PreloadConfig                     0x0800224d   Thumb Code    26  stm32f4xx_tim.o(.text)
    TIM_OC3PreloadConfig                     0x08002267   Thumb Code    18  stm32f4xx_tim.o(.text)
    TIM_OC4PreloadConfig                     0x08002279   Thumb Code    26  stm32f4xx_tim.o(.text)
    TIM_OC1FastConfig                        0x08002293   Thumb Code    18  stm32f4xx_tim.o(.text)
    TIM_OC2FastConfig                        0x080022a5   Thumb Code    26  stm32f4xx_tim.o(.text)
    TIM_OC3FastConfig                        0x080022bf   Thumb Code    18  stm32f4xx_tim.o(.text)
    TIM_OC4FastConfig                        0x080022d1   Thumb Code    26  stm32f4xx_tim.o(.text)
    TIM_ClearOC1Ref                          0x080022eb   Thumb Code    18  stm32f4xx_tim.o(.text)
    TIM_ClearOC2Ref                          0x080022fd   Thumb Code    24  stm32f4xx_tim.o(.text)
    TIM_ClearOC3Ref                          0x08002315   Thumb Code    18  stm32f4xx_tim.o(.text)
    TIM_ClearOC4Ref                          0x08002327   Thumb Code    24  stm32f4xx_tim.o(.text)
    TIM_OC1PolarityConfig                    0x0800233f   Thumb Code    18  stm32f4xx_tim.o(.text)
    TIM_OC1NPolarityConfig                   0x08002351   Thumb Code    18  stm32f4xx_tim.o(.text)
    TIM_OC2PolarityConfig                    0x08002363   Thumb Code    26  stm32f4xx_tim.o(.text)
    TIM_OC2NPolarityConfig                   0x0800237d   Thumb Code    26  stm32f4xx_tim.o(.text)
    TIM_OC3PolarityConfig                    0x08002397   Thumb Code    26  stm32f4xx_tim.o(.text)
    TIM_OC3NPolarityConfig                   0x080023b1   Thumb Code    26  stm32f4xx_tim.o(.text)
    TIM_OC4PolarityConfig                    0x080023cb   Thumb Code    26  stm32f4xx_tim.o(.text)
    TIM_CCxCmd                               0x080023e5   Thumb Code    30  stm32f4xx_tim.o(.text)
    TIM_CCxNCmd                              0x08002403   Thumb Code    30  stm32f4xx_tim.o(.text)
    TIM_SetIC4Prescaler                      0x08002421   Thumb Code    26  stm32f4xx_tim.o(.text)
    TIM_SetIC3Prescaler                      0x0800248b   Thumb Code    18  stm32f4xx_tim.o(.text)
    TIM_SetIC2Prescaler                      0x080024e5   Thumb Code    26  stm32f4xx_tim.o(.text)
    TIM_SetIC1Prescaler                      0x08002559   Thumb Code    18  stm32f4xx_tim.o(.text)
    TIM_ICInit                               0x080025a5   Thumb Code   110  stm32f4xx_tim.o(.text)
    TIM_ICStructInit                         0x08002613   Thumb Code    18  stm32f4xx_tim.o(.text)
    TIM_PWMIConfig                           0x08002625   Thumb Code   124  stm32f4xx_tim.o(.text)
    TIM_GetCapture1                          0x080026a1   Thumb Code     6  stm32f4xx_tim.o(.text)
    TIM_GetCapture2                          0x080026a7   Thumb Code     6  stm32f4xx_tim.o(.text)
    TIM_GetCapture3                          0x080026ad   Thumb Code     6  stm32f4xx_tim.o(.text)
    TIM_GetCapture4                          0x080026b3   Thumb Code     6  stm32f4xx_tim.o(.text)
    TIM_BDTRConfig                           0x080026b9   Thumb Code    32  stm32f4xx_tim.o(.text)
    TIM_BDTRStructInit                       0x080026d9   Thumb Code    18  stm32f4xx_tim.o(.text)
    TIM_CtrlPWMOutputs                       0x080026eb   Thumb Code    30  stm32f4xx_tim.o(.text)
    TIM_SelectCOM                            0x08002709   Thumb Code    24  stm32f4xx_tim.o(.text)
    TIM_CCPreloadControl                     0x08002721   Thumb Code    24  stm32f4xx_tim.o(.text)
    TIM_ITConfig                             0x08002739   Thumb Code    18  stm32f4xx_tim.o(.text)
    TIM_GenerateEvent                        0x0800274b   Thumb Code     4  stm32f4xx_tim.o(.text)
    TIM_GetFlagStatus                        0x0800274f   Thumb Code    18  stm32f4xx_tim.o(.text)
    TIM_ClearFlag                            0x08002761   Thumb Code     6  stm32f4xx_tim.o(.text)
    TIM_GetITStatus                          0x08002767   Thumb Code    34  stm32f4xx_tim.o(.text)
    TIM_ClearITPendingBit                    0x08002789   Thumb Code     6  stm32f4xx_tim.o(.text)
    TIM_DMAConfig                            0x0800278f   Thumb Code    10  stm32f4xx_tim.o(.text)
    TIM_DMACmd                               0x08002799   Thumb Code    18  stm32f4xx_tim.o(.text)
    TIM_SelectCCDMA                          0x080027ab   Thumb Code    24  stm32f4xx_tim.o(.text)
    TIM_InternalClockConfig                  0x080027c3   Thumb Code    12  stm32f4xx_tim.o(.text)
    TIM_SelectInputTrigger                   0x080027cf   Thumb Code    18  stm32f4xx_tim.o(.text)
    TIM_ITRxExternalClockConfig              0x080027e1   Thumb Code    24  stm32f4xx_tim.o(.text)
    TIM_TIxExternalClockConfig               0x080027f9   Thumb Code    62  stm32f4xx_tim.o(.text)
    TIM_ETRConfig                            0x08002837   Thumb Code    28  stm32f4xx_tim.o(.text)
    TIM_ETRClockMode1Config                  0x08002853   Thumb Code    54  stm32f4xx_tim.o(.text)
    TIM_ETRClockMode2Config                  0x08002889   Thumb Code    32  stm32f4xx_tim.o(.text)
    TIM_SelectOutputTrigger                  0x080028a9   Thumb Code    18  stm32f4xx_tim.o(.text)
    TIM_SelectSlaveMode                      0x080028bb   Thumb Code    18  stm32f4xx_tim.o(.text)
    TIM_SelectMasterSlaveMode                0x080028cd   Thumb Code    18  stm32f4xx_tim.o(.text)
    TIM_EncoderInterfaceConfig               0x080028df   Thumb Code    66  stm32f4xx_tim.o(.text)
    TIM_SelectHallSensor                     0x08002921   Thumb Code    24  stm32f4xx_tim.o(.text)
    TIM_RemapConfig                          0x08002939   Thumb Code     6  stm32f4xx_tim.o(.text)
    STM_EVAL_LEDInit                         0x08002941   Thumb Code    62  stm32f429i_discovery.o(.text)
    STM_EVAL_LEDOn                           0x0800297f   Thumb Code    16  stm32f429i_discovery.o(.text)
    STM_EVAL_LEDOff                          0x0800298f   Thumb Code    16  stm32f429i_discovery.o(.text)
    STM_EVAL_LEDToggle                       0x0800299f   Thumb Code    26  stm32f429i_discovery.o(.text)
    STM_EVAL_PBInit                          0x080029b9   Thumb Code   142  stm32f429i_discovery.o(.text)
    STM_EVAL_PBGetState                      0x08002a47   Thumb Code    22  stm32f429i_discovery.o(.text)
    sEE_LowLevel_DeInit                      0x08002a5d   Thumb Code   136  stm32f429i_discovery.o(.text)
    sEE_LowLevel_Init                        0x08002ae5   Thumb Code   318  stm32f429i_discovery.o(.text)
    sEE_LowLevel_DMAConfig                   0x08002c23   Thumb Code    56  stm32f429i_discovery.o(.text)
    sEE_DeInit                               0x08002ca5   Thumb Code     8  stm32f429i_discovery_i2c_ee.o(.text)
    sEE_Init                                 0x08002cad   Thumb Code    86  stm32f429i_discovery_i2c_ee.o(.text)
    sEE_TIMEOUT_UserCallback                 0x08002d03   Thumb Code     4  stm32f429i_discovery_i2c_ee.o(.text)
    sEE_ReadBuffer                           0x08002d07   Thumb Code   542  stm32f429i_discovery_i2c_ee.o(.text)
    sEE_WritePage                            0x08002f25   Thumb Code   278  stm32f429i_discovery_i2c_ee.o(.text)
    sEE_WaitEepromStandbyState               0x0800303b   Thumb Code   256  stm32f429i_discovery_i2c_ee.o(.text)
    sEE_WriteBuffer                          0x0800313b   Thumb Code   692  stm32f429i_discovery_i2c_ee.o(.text)
    DMA1_Stream4_IRQHandler                  0x080033ef   Thumb Code    88  stm32f429i_discovery_i2c_ee.o(.text)
    DMA1_Stream2_IRQHandler                  0x08003447   Thumb Code    58  stm32f429i_discovery_i2c_ee.o(.text)
    uart_receive                             0x080034a5   Thumb Code    32  main.o(.text)
    queue_push_string                        0x080034c5   Thumb Code    32  main.o(.text)
    uart_send                                0x080034e5   Thumb Code    36  main.o(.text)
    get_data                                 0x08003509   Thumb Code    52  main.o(.text)
    from_receive_to_send                     0x0800353d   Thumb Code    54  main.o(.text)
    countdown                                0x08003573   Thumb Code   206  main.o(.text)
    timer_interrupt_init                     0x08003641   Thumb Code   104  main.o(.text)
    timer_counter                            0x080036a9   Thumb Code   130  main.o(.text)
    advance_led                              0x0800372b   Thumb Code    54  main.o(.text)
    blink                                    0x08003761   Thumb Code   188  main.o(.text)
    simple_led                               0x0800381d   Thumb Code   426  main.o(.text)
    option2_print_result                     0x080039c7   Thumb Code    76  main.o(.text)
    option2_input_operand                    0x08003a13   Thumb Code   326  main.o(.text)
    module                                   0x08003b59   Thumb Code   146  main.o(.text)
    divide                                   0x08003beb   Thumb Code    98  main.o(.text)
    multiply                                 0x08003c4d   Thumb Code    56  main.o(.text)
    subtract                                 0x08003c85   Thumb Code    56  main.o(.text)
    plus                                     0x08003cbd   Thumb Code    56  main.o(.text)
    basic_operation                          0x08003cf5   Thumb Code   412  main.o(.text)
    student_info                             0x08003e91   Thumb Code    46  main.o(.text)
    uart_interrupt_init                      0x08003ebf   Thumb Code   174  main.o(.text)
    main                                     0x08003f6d   Thumb Code   178  main.o(.text)
    queue_init                               0x08004051   Thumb Code    24  queue.o(.text)
    queue_is_empty                           0x08004069   Thumb Code    14  queue.o(.text)
    queue_is_full                            0x08004077   Thumb Code    16  queue.o(.text)
    queue_push                               0x08004087   Thumb Code    38  queue.o(.text)
    queue_pop                                0x080040ad   Thumb Code    58  queue.o(.text)
    queue_peek                               0x080040e7   Thumb Code    32  queue.o(.text)
    NMI_Handler                              0x08004109   Thumb Code     2  stm32f4xx_it.o(.text)
    HardFault_Handler                        0x0800410b   Thumb Code     4  stm32f4xx_it.o(.text)
    MemManage_Handler                        0x0800410f   Thumb Code     4  stm32f4xx_it.o(.text)
    BusFault_Handler                         0x08004113   Thumb Code     4  stm32f4xx_it.o(.text)
    UsageFault_Handler                       0x08004117   Thumb Code     4  stm32f4xx_it.o(.text)
    SVC_Handler                              0x0800411b   Thumb Code     2  stm32f4xx_it.o(.text)
    DebugMon_Handler                         0x0800411d   Thumb Code     2  stm32f4xx_it.o(.text)
    PendSV_Handler                           0x0800411f   Thumb Code     2  stm32f4xx_it.o(.text)
    SysTick_Handler                          0x08004121   Thumb Code     2  stm32f4xx_it.o(.text)
    USART3_IRQHandler                        0x08004123   Thumb Code   170  stm32f4xx_it.o(.text)
    TIM4_IRQHandler                          0x080041cd   Thumb Code    64  stm32f4xx_it.o(.text)
    __2sprintf                               0x0800423d   Thumb Code    34  noretval__2sprintf.o(.text)
    _printf_int_dec                          0x08004265   Thumb Code   102  _printf_dec.o(.text)
    __printf                                 0x080042dd   Thumb Code   310  __printf_flags_wp.o(.text)
    atoi                                     0x08004419   Thumb Code    26  atoi.o(.text)
    strlen                                   0x08004433   Thumb Code    62  strlen.o(.text)
    __aeabi_memcpy                           0x08004471   Thumb Code     0  rt_memcpy_v6.o(.text)
    __rt_memcpy                              0x08004471   Thumb Code   138  rt_memcpy_v6.o(.text)
    _memcpy_lastbytes                        0x080044d7   Thumb Code     0  rt_memcpy_v6.o(.text)
    __use_two_region_memory                  0x080044fb   Thumb Code     2  heapauxi.o(.text)
    __rt_heap_escrow$2region                 0x080044fd   Thumb Code     2  heapauxi.o(.text)
    __rt_heap_expand$2region                 0x080044ff   Thumb Code     2  heapauxi.o(.text)
    __aeabi_errno_addr                       0x08004501   Thumb Code     8  rt_errno_addr_intlibspace.o(.text)
    __errno$intlibspace                      0x08004501   Thumb Code     0  rt_errno_addr_intlibspace.o(.text)
    __rt_errno_addr$intlibspace              0x08004501   Thumb Code     0  rt_errno_addr_intlibspace.o(.text)
    __read_errno                             0x08004509   Thumb Code    10  _rserrno.o(.text)
    __set_errno                              0x08004513   Thumb Code    12  _rserrno.o(.text)
    _printf_int_common                       0x0800451f   Thumb Code   184  _printf_intcommon.o(.text)
    __lib_sel_fp_printf                      0x080045d7   Thumb Code     2  _printf_fp_dec.o(.text)
    _printf_fp_dec_real                      0x08004783   Thumb Code   628  _printf_fp_dec.o(.text)
    _printf_char_common                      0x08004a03   Thumb Code    32  _printf_char_common.o(.text)
    _sputc                                   0x08004a29   Thumb Code    10  _sputc.o(.text)
    strtol                                   0x08004a33   Thumb Code   112  strtol.o(.text)
    __aeabi_memcpy4                          0x08004aa3   Thumb Code     0  rt_memcpy_w.o(.text)
    __aeabi_memcpy8                          0x08004aa3   Thumb Code     0  rt_memcpy_w.o(.text)
    __rt_memcpy_w                            0x08004aa3   Thumb Code   100  rt_memcpy_w.o(.text)
    _memcpy_lastbytes_aligned                0x08004aeb   Thumb Code     0  rt_memcpy_w.o(.text)
    __user_libspace                          0x08004b09   Thumb Code     8  libspace.o(.text)
    __user_perproc_libspace                  0x08004b09   Thumb Code     0  libspace.o(.text)
    __user_perthread_libspace                0x08004b09   Thumb Code     0  libspace.o(.text)
    __rt_ctype_table                         0x08004b11   Thumb Code    16  rt_ctype_table.o(.text)
    __rt_locale                              0x08004b21   Thumb Code     8  rt_locale_intlibspace.o(.text)
    _ll_udiv10                               0x08004b29   Thumb Code   138  lludiv10.o(.text)
    _printf_fp_infnan                        0x08004bb5   Thumb Code   112  _printf_fp_infnan.o(.text)
    _strtoul                                 0x08004c35   Thumb Code   158  _strtoul.o(.text)
    _btod_etento                             0x08004cd5   Thumb Code   222  bigflt0.o(.text)
    __user_setup_stackheap                   0x08004db9   Thumb Code    74  sys_stackheap_outer.o(.text)
    _chval                                   0x08004e03   Thumb Code    28  _chval.o(.text)
    exit                                     0x08004e1f   Thumb Code    12  exit.o(.text)
    strcmp                                   0x08004e2d   Thumb Code   128  strcmpv7m.o(.text)
    _sys_exit                                0x08004ead   Thumb Code     8  sys_exit.o(.text)
    __I$use$semihosting                      0x08004eb9   Thumb Code     0  use_no_semi.o(.text)
    __use_no_semihosting_swi                 0x08004eb9   Thumb Code     2  use_no_semi.o(.text)
    __semihosting_library_function           0x08004ebb   Thumb Code     0  indicate_semi.o(.text)
    _btod_d2e                                0x08004ebb   Thumb Code    62  btod.o(CL$$btod_d2e)
    _d2e_denorm_low                          0x08004ef9   Thumb Code    70  btod.o(CL$$btod_d2e_denorm_low)
    _d2e_norm_op1                            0x08004f3f   Thumb Code    96  btod.o(CL$$btod_d2e_norm_op1)
    __btod_div_common                        0x08004f9f   Thumb Code   696  btod.o(CL$$btod_div_common)
    _e2e                                     0x080052d7   Thumb Code   198  btod.o(CL$$btod_e2e)
    _btod_ediv                               0x0800539d   Thumb Code    40  btod.o(CL$$btod_ediv)
    _btod_emul                               0x080053c5   Thumb Code    40  btod.o(CL$$btod_emul)
    __btod_mult_common                       0x080053ed   Thumb Code   580  btod.o(CL$$btod_mult_common)
    __ARM_fpclassify                         0x08005631   Thumb Code    48  fpclassify.o(i.__ARM_fpclassify)
    __hardfp_sqrt                            0x08005661   Thumb Code   122  sqrt.o(i.__hardfp_sqrt)
    _is_digit                                0x080056db   Thumb Code    14  __printf_wp.o(i._is_digit)
    _get_lc_numeric                          0x080056e9   Thumb Code    44  lc_numeric_c.o(locale$$code)
    _get_lc_ctype                            0x08005715   Thumb Code    44  lc_ctype_c.o(locale$$code)
    __aeabi_d2f                              0x08005741   Thumb Code     0  d2f.o(x$fpl$d2f)
    _d2f                                     0x08005741   Thumb Code    98  d2f.o(x$fpl$d2f)
    __fpl_dnaninf                            0x080057a3   Thumb Code   156  dnaninf.o(x$fpl$dnaninf)
    __fpl_dretinf                            0x0800583f   Thumb Code    12  dretinf.o(x$fpl$dretinf)
    _dsqrt                                   0x0800584d   Thumb Code   404  dsqrt_umaal.o(x$fpl$dsqrt)
    __aeabi_f2d                              0x080059e5   Thumb Code     0  f2d.o(x$fpl$f2d)
    _f2d                                     0x080059e5   Thumb Code    86  f2d.o(x$fpl$f2d)
    __fpl_fnaninf                            0x08005a3b   Thumb Code   140  fnaninf.o(x$fpl$fnaninf)
    _fp_init                                 0x08005ac7   Thumb Code    10  fpinit.o(x$fpl$fpinit)
    __fplib_config_fpu_vfp                   0x08005acf   Thumb Code     0  fpinit.o(x$fpl$fpinit)
    __fplib_config_pureend_doubles           0x08005acf   Thumb Code     0  fpinit.o(x$fpl$fpinit)
    __fpl_fretinf                            0x08005ad1   Thumb Code    10  fretinf.o(x$fpl$fretinf)
    _printf_fp_dec                           0x08005adb   Thumb Code     4  printf1.o(x$fpl$printf1)
    __I$use$fp                               0x08005ade   Number         0  usenofp.o(x$fpl$usenofp)
    GPIO_PIN                                 0x08005ae0   Data           4  stm32f429i_discovery.o(.constdata)
    GPIO_CLK                                 0x08005ae4   Data           8  stm32f429i_discovery.o(.constdata)
    BUTTON_PIN                               0x08005aec   Data           2  stm32f429i_discovery.o(.constdata)
    BUTTON_CLK                               0x08005af0   Data           4  stm32f429i_discovery.o(.constdata)
    BUTTON_EXTI_LINE                         0x08005af4   Data           2  stm32f429i_discovery.o(.constdata)
    BUTTON_PORT_SOURCE                       0x08005af6   Data           1  stm32f429i_discovery.o(.constdata)
    BUTTON_PIN_SOURCE                        0x08005af7   Data           1  stm32f429i_discovery.o(.constdata)
    BUTTON_IRQn                              0x08005af8   Data           1  stm32f429i_discovery.o(.constdata)
    Region$$Table$$Base                      0x08005f3c   Number         0  anon$$obj.o(Region$$Table)
    Region$$Table$$Limit                     0x08005f5c   Number         0  anon$$obj.o(Region$$Table)
    __ctype                                  0x08005f85   Data           0  lc_ctype_c.o(locale$$data)
    SystemCoreClock                          0x20000000   Data           4  system_stm32f4xx.o(.data)
    AHBPrescTable                            0x20000004   Data          16  system_stm32f4xx.o(.data)
    GPIO_PORT                                0x20000024   Data           8  stm32f429i_discovery.o(.data)
    BUTTON_PORT                              0x2000002c   Data           4  stm32f429i_discovery.o(.data)
    NVIC_InitStructure                       0x20000030   Data           4  stm32f429i_discovery.o(.data)
    sEEAddress                               0x20000034   Data           2  stm32f429i_discovery_i2c_ee.o(.data)
    sEETimeout                               0x20000038   Data           4  stm32f429i_discovery_i2c_ee.o(.data)
    sEEDataReadPointer                       0x2000003c   Data           4  stm32f429i_discovery_i2c_ee.o(.data)
    sEEDataWritePointer                      0x20000040   Data           4  stm32f429i_discovery_i2c_ee.o(.data)
    sEEDataNum                               0x20000044   Data           1  stm32f429i_discovery_i2c_ee.o(.data)
    MAIN_MENU                                0x20000048   Data           4  main.o(.data)
    OPTION1                                  0x2000004c   Data           4  main.o(.data)
    OPTION2                                  0x20000050   Data           4  main.o(.data)
    OPTION3                                  0x20000054   Data           4  main.o(.data)
    OPTION4                                  0x20000058   Data           4  main.o(.data)
    OPTION5                                  0x2000005c   Data           4  main.o(.data)
    NEWLINE                                  0x20000060   Data           4  main.o(.data)
    choose                                   0x20000064   Data           4  main.o(.data)
    c_result                                 0x20000068   Data           4  main.o(.data)
    i_result                                 0x2000006c   Data           4  main.o(.data)
    b_receive_done                           0x20000070   Data           1  stm32f4xx_it.o(.data)
    flag_esc                                 0x20000074   Data           4  stm32f4xx_it.o(.data)
    flag_multi_input                         0x20000078   Data           4  stm32f4xx_it.o(.data)
    time_countdown                           0x2000007c   Data           4  stm32f4xx_it.o(.data)
    flag_time_update                         0x20000080   Data           4  stm32f4xx_it.o(.data)
    msgSend                                  0x20000084   Data           1  stm32f4xx_it.o(.data)
    msgReceive                               0x20000085   Data           1  stm32f4xx_it.o(.data)
    b_success                                0x20000086   Data           1  stm32f4xx_it.o(.data)
    sEEDMA_InitStructure                     0x20000088   Data          60  stm32f429i_discovery.o(.bss)
    queue_get_data                           0x200000c4   Data         256  main.o(.bss)
    a_result                                 0x200001c4   Data         100  main.o(.bss)
    queue_sender                             0x20000228   Data         256  stm32f4xx_it.o(.bss)
    queue_receiver                           0x20000328   Data         256  stm32f4xx_it.o(.bss)
    __libspace_start                         0x20000428   Data          96  libspace.o(.bss)
    __temporary_stack_top$libspace           0x20000488   Data           0  libspace.o(.bss)



==============================================================================

Memory Map of the image

  Image Entry point : 0x08000279

  Load Region LR_1 (Base: 0x08000000, Size: 0x00006110, Max: 0xffffffff, ABSOLUTE)

    Execution Region ER_RO (Base: 0x08000000, Size: 0x00006088, Max: 0xffffffff, ABSOLUTE)

    Base Addr    Size         Type   Attr      Idx    E Section Name        Object

    0x08000000   0x000001ac   Data   RO            3    RESET               startup_stm32f429_439xx.o
    0x080001ac   0x00000008   Code   RO         1141  * !!!main             c_w.l(__main.o)
    0x080001b4   0x00000034   Code   RO         1402    !!!scatter          c_w.l(__scatter.o)
    0x080001e8   0x0000001a   Code   RO         1404    !!handler_copy      c_w.l(__scatter_copy.o)
    0x08000202   0x00000002   PAD
    0x08000204   0x0000001c   Code   RO         1406    !!handler_zi        c_w.l(__scatter_zi.o)
    0x08000220   0x00000000   Code   RO         1132    .ARM.Collect$$_printf_percent$$00000000  c_w.l(_printf_percent.o)
    0x08000220   0x00000006   Code   RO         1131    .ARM.Collect$$_printf_percent$$00000003  c_w.l(_printf_f.o)
    0x08000226   0x00000006   Code   RO         1130    .ARM.Collect$$_printf_percent$$00000009  c_w.l(_printf_d.o)
    0x0800022c   0x00000004   Code   RO         1177    .ARM.Collect$$_printf_percent$$00000017  c_w.l(_printf_percent_end.o)
    0x08000230   0x00000002   Code   RO         1278    .ARM.Collect$$libinit$$00000000  c_w.l(libinit.o)
    0x08000232   0x00000004   Code   RO         1279    .ARM.Collect$$libinit$$00000001  c_w.l(libinit2.o)
    0x08000236   0x00000000   Code   RO         1283    .ARM.Collect$$libinit$$00000008  c_w.l(libinit2.o)
    0x08000236   0x00000000   Code   RO         1285    .ARM.Collect$$libinit$$0000000A  c_w.l(libinit2.o)
    0x08000236   0x00000000   Code   RO         1287    .ARM.Collect$$libinit$$0000000C  c_w.l(libinit2.o)
    0x08000236   0x00000006   Code   RO         1288    .ARM.Collect$$libinit$$0000000D  c_w.l(libinit2.o)
    0x0800023c   0x00000000   Code   RO         1290    .ARM.Collect$$libinit$$0000000F  c_w.l(libinit2.o)
    0x0800023c   0x0000000c   Code   RO         1291    .ARM.Collect$$libinit$$00000010  c_w.l(libinit2.o)
    0x08000248   0x00000000   Code   RO         1292    .ARM.Collect$$libinit$$00000011  c_w.l(libinit2.o)
    0x08000248   0x00000000   Code   RO         1294    .ARM.Collect$$libinit$$00000013  c_w.l(libinit2.o)
    0x08000248   0x0000000a   Code   RO         1295    .ARM.Collect$$libinit$$00000014  c_w.l(libinit2.o)
    0x08000252   0x00000000   Code   RO         1296    .ARM.Collect$$libinit$$00000015  c_w.l(libinit2.o)
    0x08000252   0x00000000   Code   RO         1298    .ARM.Collect$$libinit$$00000017  c_w.l(libinit2.o)
    0x08000252   0x00000000   Code   RO         1300    .ARM.Collect$$libinit$$00000019  c_w.l(libinit2.o)
    0x08000252   0x00000000   Code   RO         1302    .ARM.Collect$$libinit$$0000001B  c_w.l(libinit2.o)
    0x08000252   0x00000000   Code   RO         1304    .ARM.Collect$$libinit$$0000001D  c_w.l(libinit2.o)
    0x08000252   0x00000000   Code   RO         1306    .ARM.Collect$$libinit$$0000001F  c_w.l(libinit2.o)
    0x08000252   0x00000000   Code   RO         1308    .ARM.Collect$$libinit$$00000021  c_w.l(libinit2.o)
    0x08000252   0x00000000   Code   RO         1310    .ARM.Collect$$libinit$$00000023  c_w.l(libinit2.o)
    0x08000252   0x00000000   Code   RO         1314    .ARM.Collect$$libinit$$0000002A  c_w.l(libinit2.o)
    0x08000252   0x00000000   Code   RO         1316    .ARM.Collect$$libinit$$0000002C  c_w.l(libinit2.o)
    0x08000252   0x00000000   Code   RO         1318    .ARM.Collect$$libinit$$0000002E  c_w.l(libinit2.o)
    0x08000252   0x00000000   Code   RO         1320    .ARM.Collect$$libinit$$00000030  c_w.l(libinit2.o)
    0x08000252   0x00000002   Code   RO         1321    .ARM.Collect$$libinit$$00000031  c_w.l(libinit2.o)
    0x08000254   0x00000002   Code   RO         1351    .ARM.Collect$$libshutdown$$00000000  c_w.l(libshutdown.o)
    0x08000256   0x00000000   Code   RO         1363    .ARM.Collect$$libshutdown$$00000003  c_w.l(libshutdown2.o)
    0x08000256   0x00000000   Code   RO         1366    .ARM.Collect$$libshutdown$$00000006  c_w.l(libshutdown2.o)
    0x08000256   0x00000000   Code   RO         1369    .ARM.Collect$$libshutdown$$00000009  c_w.l(libshutdown2.o)
    0x08000256   0x00000000   Code   RO         1371    .ARM.Collect$$libshutdown$$0000000B  c_w.l(libshutdown2.o)
    0x08000256   0x00000000   Code   RO         1374    .ARM.Collect$$libshutdown$$0000000E  c_w.l(libshutdown2.o)
    0x08000256   0x00000002   Code   RO         1375    .ARM.Collect$$libshutdown$$0000000F  c_w.l(libshutdown2.o)
    0x08000258   0x00000000   Code   RO         1161    .ARM.Collect$$rtentry$$00000000  c_w.l(rtentry.o)
    0x08000258   0x00000000   Code   RO         1199    .ARM.Collect$$rtentry$$00000002  c_w.l(rtentry2.o)
    0x08000258   0x00000006   Code   RO         1211    .ARM.Collect$$rtentry$$00000004  c_w.l(rtentry4.o)
    0x0800025e   0x00000000   Code   RO         1201    .ARM.Collect$$rtentry$$00000009  c_w.l(rtentry2.o)
    0x0800025e   0x00000004   Code   RO         1202    .ARM.Collect$$rtentry$$0000000A  c_w.l(rtentry2.o)
    0x08000262   0x00000000   Code   RO         1204    .ARM.Collect$$rtentry$$0000000C  c_w.l(rtentry2.o)
    0x08000262   0x00000008   Code   RO         1205    .ARM.Collect$$rtentry$$0000000D  c_w.l(rtentry2.o)
    0x0800026a   0x00000002   Code   RO         1322    .ARM.Collect$$rtexit$$00000000  c_w.l(rtexit.o)
    0x0800026c   0x00000000   Code   RO         1329    .ARM.Collect$$rtexit$$00000002  c_w.l(rtexit2.o)
    0x0800026c   0x00000004   Code   RO         1330    .ARM.Collect$$rtexit$$00000003  c_w.l(rtexit2.o)
    0x08000270   0x00000006   Code   RO         1331    .ARM.Collect$$rtexit$$00000004  c_w.l(rtexit2.o)
    0x08000276   0x00000002   PAD
    0x08000278   0x00000040   Code   RO            4  * .text               startup_stm32f429_439xx.o
    0x080002b8   0x0000023c   Code   RO           12    .text               system_stm32f4xx.o
    0x080004f4   0x000000e4   Code   RO           97    .text               misc.o
    0x080005d8   0x000003a4   Code   RO          121    .text               stm32f4xx_dma.o
    0x0800097c   0x00000110   Code   RO          161    .text               stm32f4xx_exti.o
    0x08000a8c   0x00000294   Code   RO          201    .text               stm32f4xx_gpio.o
    0x08000d20   0x00000456   Code   RO          221    .text               stm32f4xx_i2c.o
    0x08001176   0x00000002   PAD
    0x08001178   0x00000638   Code   RO          261    .text               stm32f4xx_rcc.o
    0x080017b0   0x00000098   Code   RO          326    .text               stm32f4xx_syscfg.o
    0x08001848   0x00000454   Code   RO          346    .text               stm32f4xx_usart.o
    0x08001c9c   0x00000ca2   Code   RO          788    .text               stm32f4xx_tim.o
    0x0800293e   0x00000002   PAD
    0x08002940   0x00000364   Code   RO          834    .text               stm32f429i_discovery.o
    0x08002ca4   0x00000800   Code   RO          862    .text               stm32f429i_discovery_i2c_ee.o
    0x080034a4   0x00000bac   Code   RO          996    .text               main.o
    0x08004050   0x000000b6   Code   RO         1055    .text               queue.o
    0x08004106   0x00000002   PAD
    0x08004108   0x00000134   Code   RO         1075    .text               stm32f4xx_it.o
    0x0800423c   0x00000028   Code   RO         1104    .text               c_w.l(noretval__2sprintf.o)
    0x08004264   0x00000078   Code   RO         1108    .text               c_w.l(_printf_dec.o)
    0x080042dc   0x0000013c   Code   RO         1122    .text               c_w.l(__printf_flags_wp.o)
    0x08004418   0x0000001a   Code   RO         1133    .text               c_w.l(atoi.o)
    0x08004432   0x0000003e   Code   RO         1135    .text               c_w.l(strlen.o)
    0x08004470   0x0000008a   Code   RO         1137    .text               c_w.l(rt_memcpy_v6.o)
    0x080044fa   0x00000006   Code   RO         1139    .text               c_w.l(heapauxi.o)
    0x08004500   0x00000008   Code   RO         1165    .text               c_w.l(rt_errno_addr_intlibspace.o)
    0x08004508   0x00000016   Code   RO         1167    .text               c_w.l(_rserrno.o)
    0x0800451e   0x000000b8   Code   RO         1169    .text               c_w.l(_printf_intcommon.o)
    0x080045d6   0x00000420   Code   RO         1171    .text               c_w.l(_printf_fp_dec.o)
    0x080049f6   0x00000002   PAD
    0x080049f8   0x00000030   Code   RO         1173    .text               c_w.l(_printf_char_common.o)
    0x08004a28   0x0000000a   Code   RO         1175    .text               c_w.l(_sputc.o)
    0x08004a32   0x00000070   Code   RO         1178    .text               c_w.l(strtol.o)
    0x08004aa2   0x00000064   Code   RO         1180    .text               c_w.l(rt_memcpy_w.o)
    0x08004b06   0x00000002   PAD
    0x08004b08   0x00000008   Code   RO         1195    .text               c_w.l(libspace.o)
    0x08004b10   0x00000010   Code   RO         1213    .text               c_w.l(rt_ctype_table.o)
    0x08004b20   0x00000008   Code   RO         1218    .text               c_w.l(rt_locale_intlibspace.o)
    0x08004b28   0x0000008a   Code   RO         1220    .text               c_w.l(lludiv10.o)
    0x08004bb2   0x00000002   PAD
    0x08004bb4   0x00000080   Code   RO         1222    .text               c_w.l(_printf_fp_infnan.o)
    0x08004c34   0x0000009e   Code   RO         1226    .text               c_w.l(_strtoul.o)
    0x08004cd2   0x00000002   PAD
    0x08004cd4   0x000000e4   Code   RO         1228    .text               c_w.l(bigflt0.o)
    0x08004db8   0x0000004a   Code   RO         1262    .text               c_w.l(sys_stackheap_outer.o)
    0x08004e02   0x0000001c   Code   RO         1264    .text               c_w.l(_chval.o)
    0x08004e1e   0x0000000c   Code   RO         1269    .text               c_w.l(exit.o)
    0x08004e2a   0x00000002   PAD
    0x08004e2c   0x00000080   Code   RO         1271    .text               c_w.l(strcmpv7m.o)
    0x08004eac   0x0000000c   Code   RO         1341    .text               c_w.l(sys_exit.o)
    0x08004eb8   0x00000002   Code   RO         1352    .text               c_w.l(use_no_semi.o)
    0x08004eba   0x00000000   Code   RO         1354    .text               c_w.l(indicate_semi.o)
    0x08004eba   0x0000003e   Code   RO         1231    CL$$btod_d2e        c_w.l(btod.o)
    0x08004ef8   0x00000046   Code   RO         1233    CL$$btod_d2e_denorm_low  c_w.l(btod.o)
    0x08004f3e   0x00000060   Code   RO         1232    CL$$btod_d2e_norm_op1  c_w.l(btod.o)
    0x08004f9e   0x00000338   Code   RO         1241    CL$$btod_div_common  c_w.l(btod.o)
    0x080052d6   0x000000c6   Code   RO         1238    CL$$btod_e2e        c_w.l(btod.o)
    0x0800539c   0x00000028   Code   RO         1235    CL$$btod_ediv       c_w.l(btod.o)
    0x080053c4   0x00000028   Code   RO         1234    CL$$btod_emul       c_w.l(btod.o)
    0x080053ec   0x00000244   Code   RO         1240    CL$$btod_mult_common  c_w.l(btod.o)
    0x08005630   0x00000030   Code   RO         1260    i.__ARM_fpclassify  m_wm.l(fpclassify.o)
    0x08005660   0x0000007a   Code   RO         1149    i.__hardfp_sqrt     m_wm.l(sqrt.o)
    0x080056da   0x0000000e   Code   RO         1120    i._is_digit         c_w.l(__printf_wp.o)
    0x080056e8   0x0000002c   Code   RO         1254    locale$$code        c_w.l(lc_numeric_c.o)
    0x08005714   0x0000002c   Code   RO         1267    locale$$code        c_w.l(lc_ctype_c.o)
    0x08005740   0x00000062   Code   RO         1143    x$fpl$d2f           fz_wm.l(d2f.o)
    0x080057a2   0x0000009c   Code   RO         1184    x$fpl$dnaninf       fz_wm.l(dnaninf.o)
    0x0800583e   0x0000000c   Code   RO         1186    x$fpl$dretinf       fz_wm.l(dretinf.o)
    0x0800584a   0x00000002   PAD
    0x0800584c   0x00000198   Code   RO         1188    x$fpl$dsqrt         fz_wm.l(dsqrt_umaal.o)
    0x080059e4   0x00000056   Code   RO         1145    x$fpl$f2d           fz_wm.l(f2d.o)
    0x08005a3a   0x0000008c   Code   RO         1190    x$fpl$fnaninf       fz_wm.l(fnaninf.o)
    0x08005ac6   0x0000000a   Code   RO         1326    x$fpl$fpinit        fz_wm.l(fpinit.o)
    0x08005ad0   0x0000000a   Code   RO         1192    x$fpl$fretinf       fz_wm.l(fretinf.o)
    0x08005ada   0x00000004   Code   RO         1147    x$fpl$printf1       fz_wm.l(printf1.o)
    0x08005ade   0x00000000   Code   RO         1194    x$fpl$usenofp       fz_wm.l(usenofp.o)
    0x08005ade   0x00000002   PAD
    0x08005ae0   0x00000019   Data   RO          836    .constdata          stm32f429i_discovery.o
    0x08005af9   0x00000011   Data   RO         1123    .constdata          c_w.l(__printf_flags_wp.o)
    0x08005b0a   0x00000002   PAD
    0x08005b0c   0x00000094   Data   RO         1229    .constdata          c_w.l(bigflt0.o)
    0x08005ba0   0x0000039b   Data   RO          998    .conststring        main.o
    0x08005f3b   0x00000001   PAD
    0x08005f3c   0x00000020   Data   RO         1400    Region$$Table       anon$$obj.o
    0x08005f5c   0x0000001c   Data   RO         1253    locale$$data        c_w.l(lc_numeric_c.o)
    0x08005f78   0x00000110   Data   RO         1266    locale$$data        c_w.l(lc_ctype_c.o)


    Execution Region ER_RW (Base: 0x20000000, Size: 0x00000088, Max: 0xffffffff, ABSOLUTE)

    Base Addr    Size         Type   Attr      Idx    E Section Name        Object

    0x20000000   0x00000014   Data   RW           13    .data               system_stm32f4xx.o
    0x20000014   0x00000010   Data   RW          262    .data               stm32f4xx_rcc.o
    0x20000024   0x00000010   Data   RW          837    .data               stm32f429i_discovery.o
    0x20000034   0x00000011   Data   RW          863    .data               stm32f429i_discovery_i2c_ee.o
    0x20000045   0x00000003   PAD
    0x20000048   0x00000028   Data   RW          999    .data               main.o
    0x20000070   0x00000017   Data   RW         1077    .data               stm32f4xx_it.o


    Execution Region ER_ZI (Base: 0x20000088, Size: 0x00000a00, Max: 0xffffffff, ABSOLUTE)

    Base Addr    Size         Type   Attr      Idx    E Section Name        Object

    0x20000088   0x0000003c   Zero   RW          835    .bss                stm32f429i_discovery.o
    0x200000c4   0x00000164   Zero   RW          997    .bss                main.o
    0x20000228   0x00000200   Zero   RW         1076    .bss                stm32f4xx_it.o
    0x20000428   0x00000060   Zero   RW         1196    .bss                c_w.l(libspace.o)
    0x20000488   0x00000200   Zero   RW            2    HEAP                startup_stm32f429_439xx.o
    0x20000688   0x00000400   Zero   RW            1    STACK               startup_stm32f429_439xx.o


==============================================================================

Image component sizes


      Code (inc. data)   RO Data    RW Data    ZI Data      Debug   Object Name

      2988        526        923         40        356       7061   main.o
       228         22          0          0          0       1833   misc.o
       182          0          0          0          0       1986   queue.o
        64         26        428          0       1536        808   startup_stm32f429_439xx.o
       868         74         25         16         60       6004   stm32f429i_discovery.o
      2048         78          0         17          0       4465   stm32f429i_discovery_i2c_ee.o
       932         32          0          0          0       6305   stm32f4xx_dma.o
       272         10          0          0          0       2275   stm32f4xx_exti.o
       660         44          0          0          0       4105   stm32f4xx_gpio.o
      1110         26          0          0          0       8559   stm32f4xx_i2c.o
       308         48          0         23        512       2532   stm32f4xx_it.o
      1592         54          0         16          0      12774   stm32f4xx_rcc.o
       152         18          0          0          0       1837   stm32f4xx_syscfg.o
      3234         60          0          0          0      42016   stm32f4xx_tim.o
      1108         34          0          0          0       7804   stm32f4xx_usart.o
       572         44          0         20          0     291795   system_stm32f4xx.o

    ----------------------------------------------------------------------
     16324       1096       1409        136       2464     402159   Object Totals
         0          0         32          0          0          0   (incl. Generated)
         6          0          1          4          0          0   (incl. Padding)

    ----------------------------------------------------------------------

      Code (inc. data)   RO Data    RW Data    ZI Data      Debug   Library Member Name

         8          0          0          0          0         68   __main.o
       316          6         17          0          0         92   __printf_flags_wp.o
        14          0          0          0          0         68   __printf_wp.o
        52          8          0          0          0          0   __scatter.o
        26          0          0          0          0          0   __scatter_copy.o
        28          0          0          0          0          0   __scatter_zi.o
        28          0          0          0          0         68   _chval.o
        48          6          0          0          0         96   _printf_char_common.o
         6          0          0          0          0          0   _printf_d.o
       120         18          0          0          0         92   _printf_dec.o
         6          0          0          0          0          0   _printf_f.o
      1056          0          0          0          0        216   _printf_fp_dec.o
       128         16          0          0          0         84   _printf_fp_infnan.o
       184          0          0          0          0         88   _printf_intcommon.o
         0          0          0          0          0          0   _printf_percent.o
         4          0          0          0          0          0   _printf_percent_end.o
        22          0          0          0          0        100   _rserrno.o
        10          0          0          0          0         68   _sputc.o
       158          0          0          0          0         92   _strtoul.o
        26          0          0          0          0         80   atoi.o
       228          6        148          0          0         96   bigflt0.o
      1910        128          0          0          0        672   btod.o
        12          0          0          0          0         72   exit.o
         6          0          0          0          0        152   heapauxi.o
         0          0          0          0          0          0   indicate_semi.o
        44         10        272          0          0         76   lc_ctype_c.o
        44         10         28          0          0         76   lc_numeric_c.o
         2          0          0          0          0          0   libinit.o
        34          0          0          0          0          0   libinit2.o
         2          0          0          0          0          0   libshutdown.o
         2          0          0          0          0          0   libshutdown2.o
         8          4          0          0         96         68   libspace.o
       138          0          0          0          0         80   lludiv10.o
        40          6          0          0          0         84   noretval__2sprintf.o
        16          4          0          0          0         76   rt_ctype_table.o
         8          4          0          0          0         68   rt_errno_addr_intlibspace.o
         8          4          0          0          0         68   rt_locale_intlibspace.o
       138          0          0          0          0         68   rt_memcpy_v6.o
       100          0          0          0          0         80   rt_memcpy_w.o
         0          0          0          0          0          0   rtentry.o
        12          0          0          0          0          0   rtentry2.o
         6          0          0          0          0          0   rtentry4.o
         2          0          0          0          0          0   rtexit.o
        10          0          0          0          0          0   rtexit2.o
       128          0          0          0          0         68   strcmpv7m.o
        62          0          0          0          0         76   strlen.o
       112          0          0          0          0         88   strtol.o
        12          4          0          0          0         68   sys_exit.o
        74          0          0          0          0         80   sys_stackheap_outer.o
         2          0          0          0          0         68   use_no_semi.o
        98          4          0          0          0        140   d2f.o
       156          4          0          0          0        140   dnaninf.o
        12          0          0          0          0        116   dretinf.o
       408         56          0          0          0        168   dsqrt_umaal.o
        86          4          0          0          0        132   f2d.o
       140          4          0          0          0        132   fnaninf.o
        10          0          0          0          0        116   fpinit.o
        10          0          0          0          0        116   fretinf.o
         4          0          0          0          0        116   printf1.o
         0          0          0          0          0          0   usenofp.o
        48          0          0          0          0        124   fpclassify.o
       122          0          0          0          0        148   sqrt.o

    ----------------------------------------------------------------------
      6512        306        467          0         96       4844   Library Totals
        18          0          2          0          0          0   (incl. Padding)

    ----------------------------------------------------------------------

      Code (inc. data)   RO Data    RW Data    ZI Data      Debug   Library Name

      5400        234        465          0         96       3396   c_w.l
       924         72          0          0          0       1176   fz_wm.l
       170          0          0          0          0        272   m_wm.l

    ----------------------------------------------------------------------
      6512        306        467          0         96       4844   Library Totals

    ----------------------------------------------------------------------

==============================================================================


      Code (inc. data)   RO Data    RW Data    ZI Data      Debug   

     22836       1402       1876        136       2560     400275   Grand Totals
     22836       1402       1876        136       2560     400275   ELF Image Totals
     22836       1402       1876        136          0          0   ROM Totals

==============================================================================

    Total RO  Size (Code + RO Data)                24712 (  24.13kB)
    Total RW  Size (RW Data + ZI Data)              2696 (   2.63kB)
    Total ROM Size (Code + RO Data + RW Data)      24848 (  24.27kB)

==============================================================================

