<html>
<body>
<pre>
<h1>µVision Build Log</h1>
<h2>Project:</h2>
C:\Users\Admin\Downloads\STM32F4_Project\STM32F4_Project.uvproj
Project File Date:  01/22/2018

<h2>Output:</h2>
Rebuild target 'STM32F4_Project'
assembling startup_stm32f429_439xx.s...
compiling system_stm32f4xx.c...
compiling misc.c...
compiling stm32f4xx_dma.c...
compiling stm32f4xx_dma2d.c...
compiling stm32f4xx_exti.c...
compiling stm32f4xx_fmc.c...
compiling stm32f4xx_gpio.c...
compiling stm32f4xx_i2c.c...
compiling stm32f4xx_ltdc.c...
compiling stm32f4xx_rcc.c...
compiling stm32f4xx_rng.c...
compiling stm32f4xx_spi.c...
compiling stm32f4xx_syscfg.c...
compiling stm32f4xx_usart.c...
compiling stm32f429i_discovery.c...
compiling stm32f429i_discovery_i2c_ee.c...
compiling stm32f429i_discovery_ioe.c...
compiling stm32f429i_discovery_l3gd20.c...
compiling stm32f429i_discovery_lcd.c...
compiling stm32f429i_discovery_sdram.c...
compiling main.c...
User\src\main.c(138): warning:  #111-D: statement is unreachable
        return 0;
User\src\main.c(397): warning:  #177-D: variable "check" was declared but never referenced
        int check;
User\src\main.c(416): warning:  #177-D: variable "check" was declared but never referenced
        int check;
User\src\main.c: 3 warnings, 0 errors
compiling queue.c...
compiling stm32f4xx_it.c...
linking...
Program Size: Code=19008 RO-data=1880 RW-data=128 ZI-data=2560  
".\Build\STM32F4_Project.axf" - 0 Error(s), 3 Warning(s).
Load "C:\\Users\\Admin\\Downloads\\STM32F4_Project\\Build\\STM32F4_Project.axf" 
Erase Done.
Programming Done.
Verify OK.
